Component: ARM Compiler 5.06 update 2 (build 183) Tool: armlink [4d35b7]

==============================================================================

Section Cross References

    main.o(.text) refers to system_stm32f10x.o(.text) for SystemInit
    main.o(.text) refers to delay.o(.text) for delay_init
    main.o(.text) refers to lcd.o(.text) for LCD_Init
    main.o(.text) refers to test.o(.text) for main_test
    test.o(.text) refers to gui.o(.text) for LCD_Fill
    test.o(.text) refers to delay.o(.text) for delay_ms
    test.o(.text) refers to lcd.o(.bss) for lcddev
    test.o(.text) refers to lcd.o(.data) for POINT_COLOR
    test.o(.text) refers to test.o(.data) for ColorTab
    test.o(.text) refers to touch.o(.text) for TP_Init
    test.o(.text) refers to key.o(.text) for KEY_Init
    test.o(.text) refers to test.o(.constdata) for gImage_qq
    test.o(.text) refers to touch.o(.data) for tp_dev
    test.o(.text) refers to lcd.o(.text) for LCD_Clear
    gui.o(.text) refers to lcd.o(.text) for LCD_SetCursor
    gui.o(.text) refers to lcd.o(.bss) for lcddev
    gui.o(.text) refers to lcd.o(.data) for POINT_COLOR
    gui.o(.text) refers to gui.o(.constdata) for asc2_1206
    gui.o(.text) refers to strlen.o(.text) for strlen
    delay.o(.text) refers to misc.o(.text) for SysTick_CLKSourceConfig
    delay.o(.text) refers to delay.o(.data) for fac_us
    system_stm32f10x.o(.text) refers to system_stm32f10x.o(.data) for SystemCoreClock
    key.o(.text) refers to stm32f10x_rcc.o(.text) for RCC_APB2PeriphClockCmd
    key.o(.text) refers to stm32f10x_gpio.o(.text) for GPIO_PinRemapConfig
    key.o(.text) refers to delay.o(.text) for delay_ms
    key.o(.text) refers to key.o(.data) for key_up
    lcd.o(.text) refers to stm32f10x_rcc.o(.text) for RCC_APB2PeriphClockCmd
    lcd.o(.text) refers to stm32f10x_gpio.o(.text) for GPIO_PinRemapConfig
    lcd.o(.text) refers to delay.o(.text) for delay_ms
    lcd.o(.text) refers to lcd.o(.bss) for lcddev
    lcd.o(.text) refers to lcd.o(.data) for POINT_COLOR
    myiic.o(.text) refers to stm32f10x_rcc.o(.text) for RCC_APB2PeriphClockCmd
    myiic.o(.text) refers to stm32f10x_gpio.o(.text) for GPIO_Init
    myiic.o(.text) refers to delay.o(.text) for delay_us
    24cxx.o(.text) refers to myiic.o(.text) for IIC_Init
    24cxx.o(.text) refers to delay.o(.text) for delay_ms
    touch.o(.text) refers to delay.o(.text) for delay_us
    touch.o(.text) refers to gui.o(.text) for LCD_DrawLine
    touch.o(.text) refers to lcd.o(.text) for LCD_DrawPoint
    touch.o(.text) refers to fflt_clz.o(x$fpl$fflt) for __aeabi_i2f
    touch.o(.text) refers to fflt_clz.o(x$fpl$ffltu) for __aeabi_ui2f
    touch.o(.text) refers to fmul.o(x$fpl$fmul) for __aeabi_fmul
    touch.o(.text) refers to faddsub_clz.o(x$fpl$fadd) for __aeabi_fadd
    touch.o(.text) refers to ffixu.o(x$fpl$ffixu) for __aeabi_f2uiz
    touch.o(.text) refers to ffix.o(x$fpl$ffix) for __aeabi_f2iz
    touch.o(.text) refers to 24cxx.o(.text) for AT24CXX_WriteLenByte
    touch.o(.text) refers to touch.o(.data) for CMD_RDX
    touch.o(.text) refers to lcd.o(.data) for POINT_COLOR
    touch.o(.text) refers to fdiv.o(x$fpl$fdiv) for __aeabi_fdiv
    touch.o(.text) refers to dflt_clz.o(x$fpl$dfltu) for __aeabi_ui2d
    touch.o(.text) refers to sqrt.o(i.sqrt) for sqrt
    touch.o(.text) refers to dfixu.o(x$fpl$dfixu) for __aeabi_d2uiz
    touch.o(.text) refers to lcd.o(.bss) for lcddev
    touch.o(.text) refers to f2d.o(x$fpl$f2d) for __aeabi_f2d
    touch.o(.text) refers to dleqf.o(x$fpl$dleqf) for __aeabi_cdcmple
    touch.o(.text) refers to drleqf.o(x$fpl$drleqf) for __aeabi_cdrcmple
    touch.o(.text) refers to faddsub_clz.o(x$fpl$fsub) for __aeabi_fsub
    touch.o(.text) refers to stm32f10x_rcc.o(.text) for RCC_APB2PeriphClockCmd
    touch.o(.text) refers to stm32f10x_gpio.o(.text) for GPIO_Init
    touch.o(.data) refers to touch.o(.text) for TP_Init
    touch.o(.data) refers to touch.o(.conststring) for .conststring
    startup_stm32f10x_md.o(STACK) refers (Special) to heapauxi.o(.text) for __use_two_region_memory
    startup_stm32f10x_md.o(HEAP) refers (Special) to heapauxi.o(.text) for __use_two_region_memory
    startup_stm32f10x_md.o(RESET) refers (Special) to heapauxi.o(.text) for __use_two_region_memory
    startup_stm32f10x_md.o(RESET) refers to startup_stm32f10x_md.o(STACK) for __initial_sp
    startup_stm32f10x_md.o(RESET) refers to startup_stm32f10x_md.o(.text) for Reset_Handler
    startup_stm32f10x_md.o(.text) refers (Special) to heapauxi.o(.text) for __use_two_region_memory
    startup_stm32f10x_md.o(.text) refers to system_stm32f10x.o(.text) for SystemInit
    startup_stm32f10x_md.o(.text) refers to __main.o(!!!main) for __main
    startup_stm32f10x_md.o(.text) refers to startup_stm32f10x_md.o(HEAP) for Heap_Mem
    startup_stm32f10x_md.o(.text) refers to startup_stm32f10x_md.o(STACK) for Stack_Mem
    stm32f10x_gpio.o(.text) refers to stm32f10x_rcc.o(.text) for RCC_APB2PeriphResetCmd
    stm32f10x_rcc.o(.text) refers to stm32f10x_rcc.o(.data) for APBAHBPrescTable
    stm32f10x_spi.o(.text) refers to stm32f10x_rcc.o(.text) for RCC_APB2PeriphResetCmd
    stm32f10x_usart.o(.text) refers to stm32f10x_rcc.o(.text) for RCC_APB2PeriphResetCmd
    __main.o(!!!main) refers to __rtentry.o(.ARM.Collect$$rtentry$$00000000) for __rt_entry
    dfixu.o(x$fpl$dfixu) refers (Special) to usenofp.o(x$fpl$usenofp) for __I$use$fp
    dfixu.o(x$fpl$dfixu) refers to dnaninf.o(x$fpl$dnaninf) for __fpl_dnaninf
    dfixu.o(x$fpl$dfixur) refers (Special) to usenofp.o(x$fpl$usenofp) for __I$use$fp
    dfixu.o(x$fpl$dfixur) refers to dnaninf.o(x$fpl$dnaninf) for __fpl_dnaninf
    dflt_clz.o(x$fpl$dfltu) refers (Special) to usenofp.o(x$fpl$usenofp) for __I$use$fp
    dflt_clz.o(x$fpl$dflt) refers (Special) to usenofp.o(x$fpl$usenofp) for __I$use$fp
    dflt_clz.o(x$fpl$dfltn) refers (Special) to usenofp.o(x$fpl$usenofp) for __I$use$fp
    dleqf.o(x$fpl$dleqf) refers (Special) to usenofp.o(x$fpl$usenofp) for __I$use$fp
    dleqf.o(x$fpl$dleqf) refers to dnaninf.o(x$fpl$dnaninf) for __fpl_dnaninf
    dleqf.o(x$fpl$dleqf) refers to dcmpi.o(x$fpl$dcmpinf) for __fpl_dcmp_Inf
    drleqf.o(x$fpl$drleqf) refers (Special) to usenofp.o(x$fpl$usenofp) for __I$use$fp
    drleqf.o(x$fpl$drleqf) refers to dleqf.o(x$fpl$dleqf) for __fpl_dcmple_InfNaN
    f2d.o(x$fpl$f2d) refers (Special) to usenofp.o(x$fpl$usenofp) for __I$use$fp
    f2d.o(x$fpl$f2d) refers to fnaninf.o(x$fpl$fnaninf) for __fpl_fnaninf
    f2d.o(x$fpl$f2d) refers to dretinf.o(x$fpl$dretinf) for __fpl_dretinf
    faddsub_clz.o(x$fpl$fadd) refers (Special) to usenofp.o(x$fpl$usenofp) for __I$use$fp
    faddsub_clz.o(x$fpl$fadd) refers to faddsub_clz.o(x$fpl$fsub) for _fsub1
    faddsub_clz.o(x$fpl$fadd) refers to fretinf.o(x$fpl$fretinf) for __fpl_fretinf
    faddsub_clz.o(x$fpl$fadd) refers to fnaninf.o(x$fpl$fnaninf) for __fpl_fnaninf
    faddsub_clz.o(x$fpl$frsb) refers (Special) to usenofp.o(x$fpl$usenofp) for __I$use$fp
    faddsub_clz.o(x$fpl$frsb) refers to faddsub_clz.o(x$fpl$fadd) for _fadd1
    faddsub_clz.o(x$fpl$frsb) refers to faddsub_clz.o(x$fpl$fsub) for _fsub1
    faddsub_clz.o(x$fpl$fsub) refers (Special) to usenofp.o(x$fpl$usenofp) for __I$use$fp
    faddsub_clz.o(x$fpl$fsub) refers to faddsub_clz.o(x$fpl$fadd) for _fadd1
    faddsub_clz.o(x$fpl$fsub) refers to fnaninf.o(x$fpl$fnaninf) for __fpl_fnaninf
    fdiv.o(x$fpl$frdiv) refers (Special) to usenofp.o(x$fpl$usenofp) for __I$use$fp
    fdiv.o(x$fpl$frdiv) refers to fdiv.o(x$fpl$fdiv) for _fdiv1
    fdiv.o(x$fpl$fdiv) refers (Special) to usenofp.o(x$fpl$usenofp) for __I$use$fp
    fdiv.o(x$fpl$fdiv) refers to fretinf.o(x$fpl$fretinf) for __fpl_fretinf
    fdiv.o(x$fpl$fdiv) refers to fnaninf.o(x$fpl$fnaninf) for __fpl_fnaninf
    ffix.o(x$fpl$ffix) refers (Special) to usenofp.o(x$fpl$usenofp) for __I$use$fp
    ffix.o(x$fpl$ffix) refers to fnaninf.o(x$fpl$fnaninf) for __fpl_fnaninf
    ffix.o(x$fpl$ffixr) refers (Special) to usenofp.o(x$fpl$usenofp) for __I$use$fp
    ffix.o(x$fpl$ffixr) refers to fnaninf.o(x$fpl$fnaninf) for __fpl_fnaninf
    ffixu.o(x$fpl$ffixu) refers (Special) to usenofp.o(x$fpl$usenofp) for __I$use$fp
    ffixu.o(x$fpl$ffixu) refers to fnaninf.o(x$fpl$fnaninf) for __fpl_fnaninf
    ffixu.o(x$fpl$ffixur) refers (Special) to usenofp.o(x$fpl$usenofp) for __I$use$fp
    ffixu.o(x$fpl$ffixur) refers to fnaninf.o(x$fpl$fnaninf) for __fpl_fnaninf
    fflt_clz.o(x$fpl$ffltu) refers (Special) to usenofp.o(x$fpl$usenofp) for __I$use$fp
    fflt_clz.o(x$fpl$fflt) refers (Special) to usenofp.o(x$fpl$usenofp) for __I$use$fp
    fflt_clz.o(x$fpl$ffltn) refers (Special) to usenofp.o(x$fpl$usenofp) for __I$use$fp
    fmul.o(x$fpl$fmul) refers (Special) to usenofp.o(x$fpl$usenofp) for __I$use$fp
    fmul.o(x$fpl$fmul) refers to fretinf.o(x$fpl$fretinf) for __fpl_fretinf
    fmul.o(x$fpl$fmul) refers to fnaninf.o(x$fpl$fnaninf) for __fpl_fnaninf
    sqrt.o(i.__softfp_sqrt) refers (Special) to usenofp.o(x$fpl$usenofp) for __I$use$fp
    sqrt.o(i.__softfp_sqrt) refers to dsqrt_noumaal.o(x$fpl$dsqrt) for _dsqrt
    sqrt.o(i.__softfp_sqrt) refers to _rserrno.o(.text) for __set_errno
    sqrt.o(i.sqrt) refers (Special) to usenofp.o(x$fpl$usenofp) for __I$use$fp
    sqrt.o(i.sqrt) refers to dsqrt_noumaal.o(x$fpl$dsqrt) for _dsqrt
    sqrt.o(i.sqrt) refers to _rserrno.o(.text) for __set_errno
    sqrt_x.o(i.____softfp_sqrt$lsc) refers (Special) to usenofp.o(x$fpl$usenofp) for __I$use$fp
    sqrt_x.o(i.____softfp_sqrt$lsc) refers to dleqf.o(x$fpl$dleqf) for __aeabi_cdcmple
    sqrt_x.o(i.____softfp_sqrt$lsc) refers to _rserrno.o(.text) for __set_errno
    sqrt_x.o(i.____softfp_sqrt$lsc) refers to dsqrt_noumaal.o(x$fpl$dsqrt) for _dsqrt
    sqrt_x.o(i.__sqrt$lsc) refers (Special) to usenofp.o(x$fpl$usenofp) for __I$use$fp
    sqrt_x.o(i.__sqrt$lsc) refers to dleqf.o(x$fpl$dleqf) for __aeabi_cdcmple
    sqrt_x.o(i.__sqrt$lsc) refers to _rserrno.o(.text) for __set_errno
    sqrt_x.o(i.__sqrt$lsc) refers to dsqrt_noumaal.o(x$fpl$dsqrt) for _dsqrt
    __rtentry.o(.ARM.Collect$$rtentry$$00000000) refers (Special) to __rtentry2.o(.ARM.Collect$$rtentry$$0000000A) for __rt_entry_li
    __rtentry.o(.ARM.Collect$$rtentry$$00000000) refers (Special) to __rtentry2.o(.ARM.Collect$$rtentry$$0000000D) for __rt_entry_main
    __rtentry.o(.ARM.Collect$$rtentry$$00000000) refers (Special) to __rtentry2.o(.ARM.Collect$$rtentry$$0000000C) for __rt_entry_postli_1
    __rtentry.o(.ARM.Collect$$rtentry$$00000000) refers (Special) to __rtentry2.o(.ARM.Collect$$rtentry$$00000009) for __rt_entry_postsh_1
    __rtentry.o(.ARM.Collect$$rtentry$$00000000) refers (Special) to __rtentry2.o(.ARM.Collect$$rtentry$$00000002) for __rt_entry_presh_1
    __rtentry.o(.ARM.Collect$$rtentry$$00000000) refers (Special) to __rtentry4.o(.ARM.Collect$$rtentry$$00000004) for __rt_entry_sh
    _rserrno.o(.text) refers to rt_errno_addr_intlibspace.o(.text) for __aeabi_errno_addr
    dcmpi.o(x$fpl$dcmpinf) refers (Special) to usenofp.o(x$fpl$usenofp) for __I$use$fp
    dnaninf.o(x$fpl$dnaninf) refers (Special) to usenofp.o(x$fpl$usenofp) for __I$use$fp
    dretinf.o(x$fpl$dretinf) refers (Special) to usenofp.o(x$fpl$usenofp) for __I$use$fp
    dsqrt_noumaal.o(x$fpl$dsqrt) refers (Special) to usenofp.o(x$fpl$usenofp) for __I$use$fp
    dsqrt_noumaal.o(x$fpl$dsqrt) refers to dnaninf.o(x$fpl$dnaninf) for __fpl_dnaninf
    fnaninf.o(x$fpl$fnaninf) refers (Special) to usenofp.o(x$fpl$usenofp) for __I$use$fp
    fretinf.o(x$fpl$fretinf) refers (Special) to usenofp.o(x$fpl$usenofp) for __I$use$fp
    __rtentry2.o(.ARM.Collect$$rtentry$$00000008) refers to boardinit2.o(.text) for _platform_post_stackheap_init
    __rtentry2.o(.ARM.Collect$$rtentry$$0000000A) refers to libinit.o(.ARM.Collect$$libinit$$00000000) for __rt_lib_init
    __rtentry2.o(.ARM.Collect$$rtentry$$0000000B) refers to boardinit3.o(.text) for _platform_post_lib_init
    __rtentry2.o(.ARM.Collect$$rtentry$$0000000D) refers to main.o(.text) for main
    __rtentry2.o(.ARM.Collect$$rtentry$$0000000D) refers to exit.o(.text) for exit
    __rtentry2.o(.ARM.exidx) refers to __rtentry2.o(.ARM.Collect$$rtentry$$00000001) for .ARM.Collect$$rtentry$$00000001
    __rtentry2.o(.ARM.exidx) refers to __rtentry2.o(.ARM.Collect$$rtentry$$00000008) for .ARM.Collect$$rtentry$$00000008
    __rtentry2.o(.ARM.exidx) refers to __rtentry2.o(.ARM.Collect$$rtentry$$0000000A) for .ARM.Collect$$rtentry$$0000000A
    __rtentry2.o(.ARM.exidx) refers to __rtentry2.o(.ARM.Collect$$rtentry$$0000000B) for .ARM.Collect$$rtentry$$0000000B
    __rtentry2.o(.ARM.exidx) refers to __rtentry2.o(.ARM.Collect$$rtentry$$0000000D) for .ARM.Collect$$rtentry$$0000000D
    __rtentry4.o(.ARM.Collect$$rtentry$$00000004) refers to sys_stackheap_outer.o(.text) for __user_setup_stackheap
    __rtentry4.o(.ARM.exidx) refers to __rtentry4.o(.ARM.Collect$$rtentry$$00000004) for .ARM.Collect$$rtentry$$00000004
    rt_errno_addr.o(.text) refers to rt_errno_addr.o(.bss) for __aeabi_errno_addr_data
    rt_errno_addr_intlibspace.o(.text) refers to libspace.o(.bss) for __libspace_start
    libspace.o(.text) refers to libspace.o(.bss) for __libspace_start
    sys_stackheap_outer.o(.text) refers to libspace.o(.text) for __user_perproc_libspace
    sys_stackheap_outer.o(.text) refers to startup_stm32f10x_md.o(.text) for __user_initial_stackheap
    exit.o(.text) refers to rtexit.o(.ARM.Collect$$rtexit$$00000000) for __rt_exit
    libinit.o(.ARM.Collect$$libinit$$00000000) refers (Special) to libinit2.o(.ARM.Collect$$libinit$$0000002E) for __rt_lib_init_alloca_1
    libinit.o(.ARM.Collect$$libinit$$00000000) refers (Special) to libinit2.o(.ARM.Collect$$libinit$$0000002C) for __rt_lib_init_argv_1
    libinit.o(.ARM.Collect$$libinit$$00000000) refers (Special) to libinit2.o(.ARM.Collect$$libinit$$0000001B) for __rt_lib_init_atexit_1
    libinit.o(.ARM.Collect$$libinit$$00000000) refers (Special) to libinit2.o(.ARM.Collect$$libinit$$00000021) for __rt_lib_init_clock_1
    libinit.o(.ARM.Collect$$libinit$$00000000) refers (Special) to libinit2.o(.ARM.Collect$$libinit$$00000032) for __rt_lib_init_cpp_1
    libinit.o(.ARM.Collect$$libinit$$00000000) refers (Special) to libinit2.o(.ARM.Collect$$libinit$$00000030) for __rt_lib_init_exceptions_1
    libinit.o(.ARM.Collect$$libinit$$00000000) refers (Special) to libinit2.o(.ARM.Collect$$libinit$$00000002) for __rt_lib_init_fp_1
    libinit.o(.ARM.Collect$$libinit$$00000000) refers (Special) to libinit2.o(.ARM.Collect$$libinit$$0000001F) for __rt_lib_init_fp_trap_1
    libinit.o(.ARM.Collect$$libinit$$00000000) refers (Special) to libinit2.o(.ARM.Collect$$libinit$$00000023) for __rt_lib_init_getenv_1
    libinit.o(.ARM.Collect$$libinit$$00000000) refers (Special) to libinit2.o(.ARM.Collect$$libinit$$0000000A) for __rt_lib_init_heap_1
    libinit.o(.ARM.Collect$$libinit$$00000000) refers (Special) to libinit2.o(.ARM.Collect$$libinit$$00000011) for __rt_lib_init_lc_collate_1
    libinit.o(.ARM.Collect$$libinit$$00000000) refers (Special) to libinit2.o(.ARM.Collect$$libinit$$00000013) for __rt_lib_init_lc_ctype_1
    libinit.o(.ARM.Collect$$libinit$$00000000) refers (Special) to libinit2.o(.ARM.Collect$$libinit$$00000015) for __rt_lib_init_lc_monetary_1
    libinit.o(.ARM.Collect$$libinit$$00000000) refers (Special) to libinit2.o(.ARM.Collect$$libinit$$00000017) for __rt_lib_init_lc_numeric_1
    libinit.o(.ARM.Collect$$libinit$$00000000) refers (Special) to libinit2.o(.ARM.Collect$$libinit$$00000019) for __rt_lib_init_lc_time_1
    libinit.o(.ARM.Collect$$libinit$$00000000) refers (Special) to libinit2.o(.ARM.Collect$$libinit$$00000004) for __rt_lib_init_preinit_1
    libinit.o(.ARM.Collect$$libinit$$00000000) refers (Special) to libinit2.o(.ARM.Collect$$libinit$$0000000E) for __rt_lib_init_rand_1
    libinit.o(.ARM.Collect$$libinit$$00000000) refers (Special) to libinit2.o(.ARM.Collect$$libinit$$00000033) for __rt_lib_init_return
    libinit.o(.ARM.Collect$$libinit$$00000000) refers (Special) to libinit2.o(.ARM.Collect$$libinit$$0000001D) for __rt_lib_init_signal_1
    libinit.o(.ARM.Collect$$libinit$$00000000) refers (Special) to libinit2.o(.ARM.Collect$$libinit$$00000025) for __rt_lib_init_stdio_1
    libinit.o(.ARM.Collect$$libinit$$00000000) refers (Special) to libinit2.o(.ARM.Collect$$libinit$$0000000C) for __rt_lib_init_user_alloc_1
    rtexit.o(.ARM.Collect$$rtexit$$00000000) refers (Special) to rtexit2.o(.ARM.Collect$$rtexit$$00000004) for __rt_exit_exit
    rtexit.o(.ARM.Collect$$rtexit$$00000000) refers (Special) to rtexit2.o(.ARM.Collect$$rtexit$$00000003) for __rt_exit_ls
    rtexit.o(.ARM.Collect$$rtexit$$00000000) refers (Special) to rtexit2.o(.ARM.Collect$$rtexit$$00000002) for __rt_exit_prels_1
    rtexit.o(.ARM.exidx) refers (Special) to rtexit2.o(.ARM.Collect$$rtexit$$00000004) for __rt_exit_exit
    rtexit.o(.ARM.exidx) refers (Special) to rtexit2.o(.ARM.Collect$$rtexit$$00000003) for __rt_exit_ls
    rtexit.o(.ARM.exidx) refers (Special) to rtexit2.o(.ARM.Collect$$rtexit$$00000002) for __rt_exit_prels_1
    rtexit.o(.ARM.exidx) refers to rtexit.o(.ARM.Collect$$rtexit$$00000000) for .ARM.Collect$$rtexit$$00000000
    libinit2.o(.ARM.Collect$$libinit$$00000010) refers to libinit2.o(.ARM.Collect$$libinit$$0000000F) for .ARM.Collect$$libinit$$0000000F
    libinit2.o(.ARM.Collect$$libinit$$00000012) refers to libinit2.o(.ARM.Collect$$libinit$$0000000F) for .ARM.Collect$$libinit$$0000000F
    libinit2.o(.ARM.Collect$$libinit$$00000014) refers to libinit2.o(.ARM.Collect$$libinit$$0000000F) for .ARM.Collect$$libinit$$0000000F
    libinit2.o(.ARM.Collect$$libinit$$00000016) refers to libinit2.o(.ARM.Collect$$libinit$$0000000F) for .ARM.Collect$$libinit$$0000000F
    libinit2.o(.ARM.Collect$$libinit$$00000018) refers to libinit2.o(.ARM.Collect$$libinit$$0000000F) for .ARM.Collect$$libinit$$0000000F
    libinit2.o(.ARM.Collect$$libinit$$00000026) refers to argv_veneer.o(.emb_text) for __ARM_argv_veneer
    libinit2.o(.ARM.Collect$$libinit$$00000027) refers to argv_veneer.o(.emb_text) for __ARM_argv_veneer
    rtexit2.o(.ARM.Collect$$rtexit$$00000003) refers to libshutdown.o(.ARM.Collect$$libshutdown$$00000000) for __rt_lib_shutdown
    rtexit2.o(.ARM.Collect$$rtexit$$00000004) refers to sys_exit.o(.text) for _sys_exit
    rtexit2.o(.ARM.exidx) refers to rtexit2.o(.ARM.Collect$$rtexit$$00000001) for .ARM.Collect$$rtexit$$00000001
    rtexit2.o(.ARM.exidx) refers to rtexit2.o(.ARM.Collect$$rtexit$$00000003) for .ARM.Collect$$rtexit$$00000003
    rtexit2.o(.ARM.exidx) refers to rtexit2.o(.ARM.Collect$$rtexit$$00000004) for .ARM.Collect$$rtexit$$00000004
    argv_veneer.o(.emb_text) refers to no_argv.o(.text) for __ARM_get_argv
    sys_exit.o(.text) refers (Special) to use_no_semi.o(.text) for __I$use$semihosting
    sys_exit.o(.text) refers (Special) to indicate_semi.o(.text) for __semihosting_library_function
    _get_argv_nomalloc.o(.text) refers (Special) to hrguard.o(.text) for __heap_region$guard
    _get_argv_nomalloc.o(.text) refers to defsig_rtmem_outer.o(.text) for __rt_SIGRTMEM
    _get_argv_nomalloc.o(.text) refers to sys_command.o(.text) for _sys_command_string
    libshutdown.o(.ARM.Collect$$libshutdown$$00000000) refers (Special) to libshutdown2.o(.ARM.Collect$$libshutdown$$00000002) for __rt_lib_shutdown_cpp_1
    libshutdown.o(.ARM.Collect$$libshutdown$$00000000) refers (Special) to libshutdown2.o(.ARM.Collect$$libshutdown$$00000007) for __rt_lib_shutdown_fp_trap_1
    libshutdown.o(.ARM.Collect$$libshutdown$$00000000) refers (Special) to libshutdown2.o(.ARM.Collect$$libshutdown$$0000000F) for __rt_lib_shutdown_heap_1
    libshutdown.o(.ARM.Collect$$libshutdown$$00000000) refers (Special) to libshutdown2.o(.ARM.Collect$$libshutdown$$00000010) for __rt_lib_shutdown_return
    libshutdown.o(.ARM.Collect$$libshutdown$$00000000) refers (Special) to libshutdown2.o(.ARM.Collect$$libshutdown$$0000000A) for __rt_lib_shutdown_signal_1
    libshutdown.o(.ARM.Collect$$libshutdown$$00000000) refers (Special) to libshutdown2.o(.ARM.Collect$$libshutdown$$00000004) for __rt_lib_shutdown_stdio_1
    libshutdown.o(.ARM.Collect$$libshutdown$$00000000) refers (Special) to libshutdown2.o(.ARM.Collect$$libshutdown$$0000000C) for __rt_lib_shutdown_user_alloc_1
    sys_command.o(.text) refers (Special) to use_no_semi.o(.text) for __I$use$semihosting
    sys_command.o(.text) refers (Special) to indicate_semi.o(.text) for __semihosting_library_function
    defsig_rtmem_outer.o(.text) refers to defsig_rtmem_inner.o(.text) for __rt_SIGRTMEM_inner
    defsig_rtmem_outer.o(.text) refers to defsig_exit.o(.text) for __sig_exit
    defsig_rtmem_formal.o(.text) refers to rt_raise.o(.text) for __rt_raise
    rt_raise.o(.text) refers to __raise.o(.text) for __raise
    rt_raise.o(.text) refers to sys_exit.o(.text) for _sys_exit
    defsig_exit.o(.text) refers to sys_exit.o(.text) for _sys_exit
    defsig_rtmem_inner.o(.text) refers to defsig_general.o(.text) for __default_signal_display
    __raise.o(.text) refers to defsig.o(CL$$defsig) for __default_signal_handler
    defsig_general.o(.text) refers to sys_wrch.o(.text) for _ttywrch
    sys_wrch.o(.text) refers (Special) to use_no_semi.o(.text) for __I$use$semihosting
    sys_wrch.o(.text) refers (Special) to indicate_semi.o(.text) for __semihosting_library_function
    defsig.o(CL$$defsig) refers to defsig_rtmem_inner.o(.text) for __rt_SIGRTMEM_inner
    defsig_abrt_inner.o(.text) refers to defsig_general.o(.text) for __default_signal_display
    defsig_fpe_inner.o(.text) refers to defsig_general.o(.text) for __default_signal_display
    defsig_rtred_inner.o(.text) refers to defsig_general.o(.text) for __default_signal_display
    defsig_stak_inner.o(.text) refers to defsig_general.o(.text) for __default_signal_display
    defsig_pvfn_inner.o(.text) refers to defsig_general.o(.text) for __default_signal_display
    defsig_cppl_inner.o(.text) refers to defsig_general.o(.text) for __default_signal_display
    defsig_segv_inner.o(.text) refers to defsig_general.o(.text) for __default_signal_display
    defsig_other.o(.text) refers to defsig_general.o(.text) for __default_signal_display


==============================================================================

Removing Unused input sections from the image.

    Removing core_cm3.o(.emb_text), (32 bytes).
    Removing stm32f10x_spi.o(.text), (780 bytes).
    Removing stm32f10x_usart.o(.text), (1032 bytes).

3 unused section(s) (total 1844 bytes) removed from the image.

==============================================================================

Image Symbol Table

    Local Symbols

    Symbol Name                              Value     Ov Type        Size  Object(Section)

    ../clib/angel/boardlib.s                 0x00000000   Number         0  boardinit1.o ABSOLUTE
    ../clib/angel/boardlib.s                 0x00000000   Number         0  boardinit2.o ABSOLUTE
    ../clib/angel/boardlib.s                 0x00000000   Number         0  boardinit3.o ABSOLUTE
    ../clib/angel/boardlib.s                 0x00000000   Number         0  boardshut.o ABSOLUTE
    ../clib/angel/handlers.s                 0x00000000   Number         0  __scatter_zi.o ABSOLUTE
    ../clib/angel/handlers.s                 0x00000000   Number         0  __scatter_copy.o ABSOLUTE
    ../clib/angel/kernel.s                   0x00000000   Number         0  __rtentry2.o ABSOLUTE
    ../clib/angel/kernel.s                   0x00000000   Number         0  __rtentry.o ABSOLUTE
    ../clib/angel/kernel.s                   0x00000000   Number         0  __rtentry4.o ABSOLUTE
    ../clib/angel/kernel.s                   0x00000000   Number         0  rtexit.o ABSOLUTE
    ../clib/angel/kernel.s                   0x00000000   Number         0  rtexit2.o ABSOLUTE
    ../clib/angel/rt.s                       0x00000000   Number         0  rt_raise.o ABSOLUTE
    ../clib/angel/rt.s                       0x00000000   Number         0  rt_errno_addr.o ABSOLUTE
    ../clib/angel/rt.s                       0x00000000   Number         0  rt_errno_addr_intlibspace.o ABSOLUTE
    ../clib/angel/scatter.s                  0x00000000   Number         0  __scatter.o ABSOLUTE
    ../clib/angel/startup.s                  0x00000000   Number         0  __main.o ABSOLUTE
    ../clib/angel/sys.s                      0x00000000   Number         0  sys_stackheap_outer.o ABSOLUTE
    ../clib/angel/sys.s                      0x00000000   Number         0  libspace.o ABSOLUTE
    ../clib/angel/sys.s                      0x00000000   Number         0  indicate_semi.o ABSOLUTE
    ../clib/angel/sys.s                      0x00000000   Number         0  use_no_semi.o ABSOLUTE
    ../clib/angel/sysapp.c                   0x00000000   Number         0  sys_wrch.o ABSOLUTE
    ../clib/angel/sysapp.c                   0x00000000   Number         0  sys_command.o ABSOLUTE
    ../clib/angel/sysapp.c                   0x00000000   Number         0  sys_exit.o ABSOLUTE
    ../clib/armsys.c                         0x00000000   Number         0  _get_argv_nomalloc.o ABSOLUTE
    ../clib/armsys.c                         0x00000000   Number         0  no_argv.o ABSOLUTE
    ../clib/armsys.c                         0x00000000   Number         0  argv_veneer.o ABSOLUTE
    ../clib/armsys.c                         0x00000000   Number         0  argv_veneer.o ABSOLUTE
    ../clib/fenv.c                           0x00000000   Number         0  _rserrno.o ABSOLUTE
    ../clib/heapalloc.c                      0x00000000   Number         0  hrguard.o ABSOLUTE
    ../clib/heapaux.c                        0x00000000   Number         0  heapauxi.o ABSOLUTE
    ../clib/libinit.s                        0x00000000   Number         0  libinit.o ABSOLUTE
    ../clib/libinit.s                        0x00000000   Number         0  libinit2.o ABSOLUTE
    ../clib/libinit.s                        0x00000000   Number         0  libshutdown2.o ABSOLUTE
    ../clib/libinit.s                        0x00000000   Number         0  libshutdown.o ABSOLUTE
    ../clib/signal.c                         0x00000000   Number         0  defsig_general.o ABSOLUTE
    ../clib/signal.c                         0x00000000   Number         0  defsig_rtmem_inner.o ABSOLUTE
    ../clib/signal.c                         0x00000000   Number         0  defsig_exit.o ABSOLUTE
    ../clib/signal.c                         0x00000000   Number         0  defsig_rtmem_formal.o ABSOLUTE
    ../clib/signal.c                         0x00000000   Number         0  __raise.o ABSOLUTE
    ../clib/signal.c                         0x00000000   Number         0  defsig_abrt_inner.o ABSOLUTE
    ../clib/signal.c                         0x00000000   Number         0  defsig_fpe_inner.o ABSOLUTE
    ../clib/signal.c                         0x00000000   Number         0  defsig_stak_inner.o ABSOLUTE
    ../clib/signal.c                         0x00000000   Number         0  defsig_pvfn_inner.o ABSOLUTE
    ../clib/signal.c                         0x00000000   Number         0  defsig_cppl_inner.o ABSOLUTE
    ../clib/signal.c                         0x00000000   Number         0  defsig_segv_inner.o ABSOLUTE
    ../clib/signal.c                         0x00000000   Number         0  defsig_other.o ABSOLUTE
    ../clib/signal.c                         0x00000000   Number         0  defsig_rtmem_outer.o ABSOLUTE
    ../clib/signal.c                         0x00000000   Number         0  defsig_rtred_inner.o ABSOLUTE
    ../clib/signal.s                         0x00000000   Number         0  defsig.o ABSOLUTE
    ../clib/stdlib.c                         0x00000000   Number         0  exit.o ABSOLUTE
    ../clib/string.c                         0x00000000   Number         0  strlen.o ABSOLUTE
    ../fplib/dcmpi.s                         0x00000000   Number         0  dcmpi.o ABSOLUTE
    ../fplib/dfixu.s                         0x00000000   Number         0  dfixu.o ABSOLUTE
    ../fplib/dflt.s                          0x00000000   Number         0  dflt_clz.o ABSOLUTE
    ../fplib/dleqf.s                         0x00000000   Number         0  dleqf.o ABSOLUTE
    ../fplib/dnaninf.s                       0x00000000   Number         0  dnaninf.o ABSOLUTE
    ../fplib/dretinf.s                       0x00000000   Number         0  dretinf.o ABSOLUTE
    ../fplib/drleqf.s                        0x00000000   Number         0  drleqf.o ABSOLUTE
    ../fplib/dsqrt.s                         0x00000000   Number         0  dsqrt_noumaal.o ABSOLUTE
    ../fplib/f2d.s                           0x00000000   Number         0  f2d.o ABSOLUTE
    ../fplib/faddsub.s                       0x00000000   Number         0  faddsub_clz.o ABSOLUTE
    ../fplib/fdiv.s                          0x00000000   Number         0  fdiv.o ABSOLUTE
    ../fplib/ffix.s                          0x00000000   Number         0  ffix.o ABSOLUTE
    ../fplib/ffixu.s                         0x00000000   Number         0  ffixu.o ABSOLUTE
    ../fplib/fflt.s                          0x00000000   Number         0  fflt_clz.o ABSOLUTE
    ../fplib/fmul.s                          0x00000000   Number         0  fmul.o ABSOLUTE
    ../fplib/fnaninf.s                       0x00000000   Number         0  fnaninf.o ABSOLUTE
    ../fplib/fpinit.s                        0x00000000   Number         0  fpinit.o ABSOLUTE
    ../fplib/fretinf.s                       0x00000000   Number         0  fretinf.o ABSOLUTE
    ../fplib/usenofp.s                       0x00000000   Number         0  usenofp.o ABSOLUTE
    ../mathlib/sqrt.c                        0x00000000   Number         0  sqrt_x.o ABSOLUTE
    ../mathlib/sqrt.c                        0x00000000   Number         0  sqrt.o ABSOLUTE
    ..\CORE\core_cm3.c                       0x00000000   Number         0  core_cm3.o ABSOLUTE
    ..\CORE\startup_stm32f10x_md.s           0x00000000   Number         0  startup_stm32f10x_md.o ABSOLUTE
    ..\HARDWARE\24CXX\24cxx.c                0x00000000   Number         0  24cxx.o ABSOLUTE
    ..\HARDWARE\IIC\myiic.c                  0x00000000   Number         0  myiic.o ABSOLUTE
    ..\HARDWARE\KEY\key.c                    0x00000000   Number         0  key.o ABSOLUTE
    ..\HARDWARE\LCD\lcd.c                    0x00000000   Number         0  lcd.o ABSOLUTE
    ..\HARDWARE\TOUCH\touch.c                0x00000000   Number         0  touch.o ABSOLUTE
    ..\STM32F10x_FWLib\src\misc.c            0x00000000   Number         0  misc.o ABSOLUTE
    ..\STM32F10x_FWLib\src\stm32f10x_gpio.c  0x00000000   Number         0  stm32f10x_gpio.o ABSOLUTE
    ..\STM32F10x_FWLib\src\stm32f10x_rcc.c   0x00000000   Number         0  stm32f10x_rcc.o ABSOLUTE
    ..\STM32F10x_FWLib\src\stm32f10x_spi.c   0x00000000   Number         0  stm32f10x_spi.o ABSOLUTE
    ..\STM32F10x_FWLib\src\stm32f10x_usart.c 0x00000000   Number         0  stm32f10x_usart.o ABSOLUTE
    ..\SYSTEM\delay\delay.c                  0x00000000   Number         0  delay.o ABSOLUTE
    ..\\CORE\\core_cm3.c                     0x00000000   Number         0  core_cm3.o ABSOLUTE
    GUI.c                                    0x00000000   Number         0  gui.o ABSOLUTE
    dc.s                                     0x00000000   Number         0  dc.o ABSOLUTE
    main.c                                   0x00000000   Number         0  main.o ABSOLUTE
    system_stm32f10x.c                       0x00000000   Number         0  system_stm32f10x.o ABSOLUTE
    test.c                                   0x00000000   Number         0  test.o ABSOLUTE
    RESET                                    0x08000000   Section      236  startup_stm32f10x_md.o(RESET)
    !!!main                                  0x080000ec   Section        8  __main.o(!!!main)
    !!!scatter                               0x080000f4   Section       52  __scatter.o(!!!scatter)
    !!handler_copy                           0x08000128   Section       26  __scatter_copy.o(!!handler_copy)
    !!handler_zi                             0x08000144   Section       28  __scatter_zi.o(!!handler_zi)
    .ARM.Collect$$libinit$$00000000          0x08000160   Section        2  libinit.o(.ARM.Collect$$libinit$$00000000)
    .ARM.Collect$$libinit$$00000002          0x08000162   Section        0  libinit2.o(.ARM.Collect$$libinit$$00000002)
    .ARM.Collect$$libinit$$00000004          0x08000162   Section        0  libinit2.o(.ARM.Collect$$libinit$$00000004)
    .ARM.Collect$$libinit$$0000000A          0x08000162   Section        0  libinit2.o(.ARM.Collect$$libinit$$0000000A)
    .ARM.Collect$$libinit$$0000000C          0x08000162   Section        0  libinit2.o(.ARM.Collect$$libinit$$0000000C)
    .ARM.Collect$$libinit$$0000000E          0x08000162   Section        0  libinit2.o(.ARM.Collect$$libinit$$0000000E)
    .ARM.Collect$$libinit$$00000011          0x08000162   Section        0  libinit2.o(.ARM.Collect$$libinit$$00000011)
    .ARM.Collect$$libinit$$00000013          0x08000162   Section        0  libinit2.o(.ARM.Collect$$libinit$$00000013)
    .ARM.Collect$$libinit$$00000015          0x08000162   Section        0  libinit2.o(.ARM.Collect$$libinit$$00000015)
    .ARM.Collect$$libinit$$00000017          0x08000162   Section        0  libinit2.o(.ARM.Collect$$libinit$$00000017)
    .ARM.Collect$$libinit$$00000019          0x08000162   Section        0  libinit2.o(.ARM.Collect$$libinit$$00000019)
    .ARM.Collect$$libinit$$0000001B          0x08000162   Section        0  libinit2.o(.ARM.Collect$$libinit$$0000001B)
    .ARM.Collect$$libinit$$0000001D          0x08000162   Section        0  libinit2.o(.ARM.Collect$$libinit$$0000001D)
    .ARM.Collect$$libinit$$0000001F          0x08000162   Section        0  libinit2.o(.ARM.Collect$$libinit$$0000001F)
    .ARM.Collect$$libinit$$00000021          0x08000162   Section        0  libinit2.o(.ARM.Collect$$libinit$$00000021)
    .ARM.Collect$$libinit$$00000023          0x08000162   Section        0  libinit2.o(.ARM.Collect$$libinit$$00000023)
    .ARM.Collect$$libinit$$00000025          0x08000162   Section        0  libinit2.o(.ARM.Collect$$libinit$$00000025)
    .ARM.Collect$$libinit$$0000002C          0x08000162   Section        0  libinit2.o(.ARM.Collect$$libinit$$0000002C)
    .ARM.Collect$$libinit$$0000002E          0x08000162   Section        0  libinit2.o(.ARM.Collect$$libinit$$0000002E)
    .ARM.Collect$$libinit$$00000030          0x08000162   Section        0  libinit2.o(.ARM.Collect$$libinit$$00000030)
    .ARM.Collect$$libinit$$00000032          0x08000162   Section        0  libinit2.o(.ARM.Collect$$libinit$$00000032)
    .ARM.Collect$$libinit$$00000033          0x08000162   Section        2  libinit2.o(.ARM.Collect$$libinit$$00000033)
    .ARM.Collect$$libshutdown$$00000000      0x08000164   Section        2  libshutdown.o(.ARM.Collect$$libshutdown$$00000000)
    .ARM.Collect$$libshutdown$$00000002      0x08000166   Section        0  libshutdown2.o(.ARM.Collect$$libshutdown$$00000002)
    .ARM.Collect$$libshutdown$$00000004      0x08000166   Section        0  libshutdown2.o(.ARM.Collect$$libshutdown$$00000004)
    .ARM.Collect$$libshutdown$$00000007      0x08000166   Section        0  libshutdown2.o(.ARM.Collect$$libshutdown$$00000007)
    .ARM.Collect$$libshutdown$$0000000A      0x08000166   Section        0  libshutdown2.o(.ARM.Collect$$libshutdown$$0000000A)
    .ARM.Collect$$libshutdown$$0000000C      0x08000166   Section        0  libshutdown2.o(.ARM.Collect$$libshutdown$$0000000C)
    .ARM.Collect$$libshutdown$$0000000F      0x08000166   Section        0  libshutdown2.o(.ARM.Collect$$libshutdown$$0000000F)
    .ARM.Collect$$libshutdown$$00000010      0x08000166   Section        2  libshutdown2.o(.ARM.Collect$$libshutdown$$00000010)
    .ARM.Collect$$rtentry$$00000000          0x08000168   Section        0  __rtentry.o(.ARM.Collect$$rtentry$$00000000)
    .ARM.Collect$$rtentry$$00000002          0x08000168   Section        0  __rtentry2.o(.ARM.Collect$$rtentry$$00000002)
    .ARM.Collect$$rtentry$$00000004          0x08000168   Section        6  __rtentry4.o(.ARM.Collect$$rtentry$$00000004)
    .ARM.Collect$$rtentry$$00000009          0x0800016e   Section        0  __rtentry2.o(.ARM.Collect$$rtentry$$00000009)
    .ARM.Collect$$rtentry$$0000000A          0x0800016e   Section        4  __rtentry2.o(.ARM.Collect$$rtentry$$0000000A)
    .ARM.Collect$$rtentry$$0000000C          0x08000172   Section        0  __rtentry2.o(.ARM.Collect$$rtentry$$0000000C)
    .ARM.Collect$$rtentry$$0000000D          0x08000172   Section        8  __rtentry2.o(.ARM.Collect$$rtentry$$0000000D)
    .ARM.Collect$$rtexit$$00000000           0x0800017a   Section        2  rtexit.o(.ARM.Collect$$rtexit$$00000000)
    .ARM.Collect$$rtexit$$00000002           0x0800017c   Section        0  rtexit2.o(.ARM.Collect$$rtexit$$00000002)
    .ARM.Collect$$rtexit$$00000003           0x0800017c   Section        4  rtexit2.o(.ARM.Collect$$rtexit$$00000003)
    .ARM.Collect$$rtexit$$00000004           0x08000180   Section        6  rtexit2.o(.ARM.Collect$$rtexit$$00000004)
    .text                                    0x08000186   Section        0  main.o(.text)
    .text                                    0x080001d0   Section        0  test.o(.text)
    .text                                    0x08000db8   Section        0  gui.o(.text)
    .text                                    0x08001780   Section        0  delay.o(.text)
    .text                                    0x0800182c   Section        0  system_stm32f10x.o(.text)
    SetSysClockTo72                          0x0800182d   Thumb Code   214  system_stm32f10x.o(.text)
    SetSysClock                              0x08001903   Thumb Code     8  system_stm32f10x.o(.text)
    .text                                    0x08001a0c   Section        0  key.o(.text)
    .text                                    0x08001b08   Section        0  lcd.o(.text)
    .text                                    0x080020d8   Section        0  myiic.o(.text)
    .text                                    0x08002330   Section        0  24cxx.o(.text)
    .text                                    0x080024ac   Section        0  touch.o(.text)
    .text                                    0x08003444   Section       64  startup_stm32f10x_md.o(.text)
    .text                                    0x08003484   Section        0  misc.o(.text)
    .text                                    0x08003560   Section        0  stm32f10x_gpio.o(.text)
    .text                                    0x080038bc   Section        0  stm32f10x_rcc.o(.text)
    .text                                    0x08003c60   Section        0  strlen.o(.text)
    .text                                    0x08003c9e   Section        0  heapauxi.o(.text)
    .text                                    0x08003ca4   Section        0  _rserrno.o(.text)
    .text                                    0x08003cbc   Section        8  rt_errno_addr_intlibspace.o(.text)
    .text                                    0x08003cc4   Section        8  libspace.o(.text)
    .text                                    0x08003ccc   Section       74  sys_stackheap_outer.o(.text)
    .text                                    0x08003d16   Section        0  exit.o(.text)
    .text                                    0x08003d28   Section        0  sys_exit.o(.text)
    .text                                    0x08003d34   Section        2  use_no_semi.o(.text)
    .text                                    0x08003d36   Section        0  indicate_semi.o(.text)
    i.sqrt                                   0x08003d36   Section        0  sqrt.o(i.sqrt)
    x$fpl$dcmpinf                            0x08003d82   Section       24  dcmpi.o(x$fpl$dcmpinf)
    x$fpl$dfixu                              0x08003d9c   Section       90  dfixu.o(x$fpl$dfixu)
    x$fpl$dfltu                              0x08003df6   Section       38  dflt_clz.o(x$fpl$dfltu)
    x$fpl$dleqf                              0x08003e1c   Section      120  dleqf.o(x$fpl$dleqf)
    x$fpl$dnaninf                            0x08003e94   Section      156  dnaninf.o(x$fpl$dnaninf)
    x$fpl$dretinf                            0x08003f30   Section       12  dretinf.o(x$fpl$dretinf)
    x$fpl$drleqf                             0x08003f3c   Section      108  drleqf.o(x$fpl$drleqf)
    x$fpl$dsqrt                              0x08003fa8   Section      460  dsqrt_noumaal.o(x$fpl$dsqrt)
    x$fpl$f2d                                0x08004174   Section       86  f2d.o(x$fpl$f2d)
    x$fpl$fadd                               0x080041cc   Section      196  faddsub_clz.o(x$fpl$fadd)
    _fadd1                                   0x080041db   Thumb Code     0  faddsub_clz.o(x$fpl$fadd)
    x$fpl$fdiv                               0x08004290   Section      388  fdiv.o(x$fpl$fdiv)
    _fdiv1                                   0x08004291   Thumb Code     0  fdiv.o(x$fpl$fdiv)
    x$fpl$ffix                               0x08004414   Section       54  ffix.o(x$fpl$ffix)
    x$fpl$ffixu                              0x0800444c   Section       62  ffixu.o(x$fpl$ffixu)
    x$fpl$fflt                               0x0800448c   Section       48  fflt_clz.o(x$fpl$fflt)
    x$fpl$ffltu                              0x080044bc   Section       38  fflt_clz.o(x$fpl$ffltu)
    x$fpl$fmul                               0x080044e4   Section      258  fmul.o(x$fpl$fmul)
    x$fpl$fnaninf                            0x080045e6   Section      140  fnaninf.o(x$fpl$fnaninf)
    x$fpl$fretinf                            0x08004672   Section       10  fretinf.o(x$fpl$fretinf)
    x$fpl$fsub                               0x0800467c   Section      234  faddsub_clz.o(x$fpl$fsub)
    _fsub1                                   0x0800468b   Thumb Code     0  faddsub_clz.o(x$fpl$fsub)
    .constdata                               0x08004766   Section     3200  test.o(.constdata)
    x$fpl$usenofp                            0x08004766   Section        0  usenofp.o(x$fpl$usenofp)
    .constdata                               0x080053e6   Section     5636  gui.o(.constdata)
    .conststring                             0x080069ec   Section      121  touch.o(.conststring)
    .data                                    0x20000000   Section       10  test.o(.data)
    .data                                    0x2000000a   Section        4  delay.o(.data)
    fac_us                                   0x2000000a   Data           1  delay.o(.data)
    fac_ms                                   0x2000000c   Data           2  delay.o(.data)
    .data                                    0x20000010   Section       20  system_stm32f10x.o(.data)
    .data                                    0x20000024   Section        1  key.o(.data)
    key_up                                   0x20000024   Data           1  key.o(.data)
    .data                                    0x20000026   Section        6  lcd.o(.data)
    .data                                    0x2000002c   Section       48  touch.o(.data)
    .data                                    0x2000005c   Section       20  stm32f10x_rcc.o(.data)
    APBAHBPrescTable                         0x2000005c   Data          16  stm32f10x_rcc.o(.data)
    ADCPrescTable                            0x2000006c   Data           4  stm32f10x_rcc.o(.data)
    .bss                                     0x20000070   Section       14  lcd.o(.bss)
    .bss                                     0x20000080   Section       96  libspace.o(.bss)
    HEAP                                     0x200000e0   Section      512  startup_stm32f10x_md.o(HEAP)
    Heap_Mem                                 0x200000e0   Data         512  startup_stm32f10x_md.o(HEAP)
    STACK                                    0x200002e0   Section     1024  startup_stm32f10x_md.o(STACK)
    Stack_Mem                                0x200002e0   Data        1024  startup_stm32f10x_md.o(STACK)
    __initial_sp                             0x200006e0   Data           0  startup_stm32f10x_md.o(STACK)

    Global Symbols

    Symbol Name                              Value     Ov Type        Size  Object(Section)

    BuildAttributes$$THM_ISAv4$P$D$K$B$S$PE$A:L22UL41UL21$X:L11$S22US41US21$IEEE1$IW$USESV6$~STKCKD$USESV7$~SHL$OTIME$ROPI$IEEEJ$EBA8$UX$STANDARDLIB$REQ8$PRES8$EABIv2 0x00000000   Number         0  anon$$obj.o ABSOLUTE
    __ARM_use_no_argv                        0x00000000   Number         0  main.o ABSOLUTE
    __ARM_exceptions_init                     - Undefined Weak Reference
    __alloca_initialize                       - Undefined Weak Reference
    __arm_preinit_                            - Undefined Weak Reference
    __cpp_initialize__aeabi_                  - Undefined Weak Reference
    __cxa_finalize                            - Undefined Weak Reference
    __rt_locale                               - Undefined Weak Reference
    __sigvec_lookup                           - Undefined Weak Reference
    _atexit_init                              - Undefined Weak Reference
    _call_atexit_fns                          - Undefined Weak Reference
    _clock_init                               - Undefined Weak Reference
    _fp_trap_init                             - Undefined Weak Reference
    _fp_trap_shutdown                         - Undefined Weak Reference
    _get_lc_collate                           - Undefined Weak Reference
    _get_lc_ctype                             - Undefined Weak Reference
    _get_lc_monetary                          - Undefined Weak Reference
    _get_lc_numeric                           - Undefined Weak Reference
    _get_lc_time                              - Undefined Weak Reference
    _getenv_init                              - Undefined Weak Reference
    _handle_redirection                       - Undefined Weak Reference
    _init_alloc                               - Undefined Weak Reference
    _init_user_alloc                          - Undefined Weak Reference
    _initio                                   - Undefined Weak Reference
    _rand_init                                - Undefined Weak Reference
    _signal_finish                            - Undefined Weak Reference
    _signal_init                              - Undefined Weak Reference
    _terminate_alloc                          - Undefined Weak Reference
    _terminate_user_alloc                     - Undefined Weak Reference
    _terminateio                              - Undefined Weak Reference
    __Vectors_Size                           0x000000ec   Number         0  startup_stm32f10x_md.o ABSOLUTE
    __Vectors                                0x08000000   Data           4  startup_stm32f10x_md.o(RESET)
    __Vectors_End                            0x080000ec   Data           0  startup_stm32f10x_md.o(RESET)
    __main                                   0x080000ed   Thumb Code     8  __main.o(!!!main)
    __scatterload                            0x080000f5   Thumb Code     0  __scatter.o(!!!scatter)
    __scatterload_rt2                        0x080000f5   Thumb Code    44  __scatter.o(!!!scatter)
    __scatterload_rt2_thumb_only             0x080000f5   Thumb Code     0  __scatter.o(!!!scatter)
    __scatterload_null                       0x08000103   Thumb Code     0  __scatter.o(!!!scatter)
    __scatterload_copy                       0x08000129   Thumb Code    26  __scatter_copy.o(!!handler_copy)
    __scatterload_zeroinit                   0x08000145   Thumb Code    28  __scatter_zi.o(!!handler_zi)
    __rt_lib_init                            0x08000161   Thumb Code     0  libinit.o(.ARM.Collect$$libinit$$00000000)
    __rt_lib_init_alloca_1                   0x08000163   Thumb Code     0  libinit2.o(.ARM.Collect$$libinit$$0000002E)
    __rt_lib_init_argv_1                     0x08000163   Thumb Code     0  libinit2.o(.ARM.Collect$$libinit$$0000002C)
    __rt_lib_init_atexit_1                   0x08000163   Thumb Code     0  libinit2.o(.ARM.Collect$$libinit$$0000001B)
    __rt_lib_init_clock_1                    0x08000163   Thumb Code     0  libinit2.o(.ARM.Collect$$libinit$$00000021)
    __rt_lib_init_cpp_1                      0x08000163   Thumb Code     0  libinit2.o(.ARM.Collect$$libinit$$00000032)
    __rt_lib_init_exceptions_1               0x08000163   Thumb Code     0  libinit2.o(.ARM.Collect$$libinit$$00000030)
    __rt_lib_init_fp_1                       0x08000163   Thumb Code     0  libinit2.o(.ARM.Collect$$libinit$$00000002)
    __rt_lib_init_fp_trap_1                  0x08000163   Thumb Code     0  libinit2.o(.ARM.Collect$$libinit$$0000001F)
    __rt_lib_init_getenv_1                   0x08000163   Thumb Code     0  libinit2.o(.ARM.Collect$$libinit$$00000023)
    __rt_lib_init_heap_1                     0x08000163   Thumb Code     0  libinit2.o(.ARM.Collect$$libinit$$0000000A)
    __rt_lib_init_lc_collate_1               0x08000163   Thumb Code     0  libinit2.o(.ARM.Collect$$libinit$$00000011)
    __rt_lib_init_lc_ctype_1                 0x08000163   Thumb Code     0  libinit2.o(.ARM.Collect$$libinit$$00000013)
    __rt_lib_init_lc_monetary_1              0x08000163   Thumb Code     0  libinit2.o(.ARM.Collect$$libinit$$00000015)
    __rt_lib_init_lc_numeric_1               0x08000163   Thumb Code     0  libinit2.o(.ARM.Collect$$libinit$$00000017)
    __rt_lib_init_lc_time_1                  0x08000163   Thumb Code     0  libinit2.o(.ARM.Collect$$libinit$$00000019)
    __rt_lib_init_preinit_1                  0x08000163   Thumb Code     0  libinit2.o(.ARM.Collect$$libinit$$00000004)
    __rt_lib_init_rand_1                     0x08000163   Thumb Code     0  libinit2.o(.ARM.Collect$$libinit$$0000000E)
    __rt_lib_init_return                     0x08000163   Thumb Code     0  libinit2.o(.ARM.Collect$$libinit$$00000033)
    __rt_lib_init_signal_1                   0x08000163   Thumb Code     0  libinit2.o(.ARM.Collect$$libinit$$0000001D)
    __rt_lib_init_stdio_1                    0x08000163   Thumb Code     0  libinit2.o(.ARM.Collect$$libinit$$00000025)
    __rt_lib_init_user_alloc_1               0x08000163   Thumb Code     0  libinit2.o(.ARM.Collect$$libinit$$0000000C)
    __rt_lib_shutdown                        0x08000165   Thumb Code     0  libshutdown.o(.ARM.Collect$$libshutdown$$00000000)
    __rt_lib_shutdown_cpp_1                  0x08000167   Thumb Code     0  libshutdown2.o(.ARM.Collect$$libshutdown$$00000002)
    __rt_lib_shutdown_fp_trap_1              0x08000167   Thumb Code     0  libshutdown2.o(.ARM.Collect$$libshutdown$$00000007)
    __rt_lib_shutdown_heap_1                 0x08000167   Thumb Code     0  libshutdown2.o(.ARM.Collect$$libshutdown$$0000000F)
    __rt_lib_shutdown_return                 0x08000167   Thumb Code     0  libshutdown2.o(.ARM.Collect$$libshutdown$$00000010)
    __rt_lib_shutdown_signal_1               0x08000167   Thumb Code     0  libshutdown2.o(.ARM.Collect$$libshutdown$$0000000A)
    __rt_lib_shutdown_stdio_1                0x08000167   Thumb Code     0  libshutdown2.o(.ARM.Collect$$libshutdown$$00000004)
    __rt_lib_shutdown_user_alloc_1           0x08000167   Thumb Code     0  libshutdown2.o(.ARM.Collect$$libshutdown$$0000000C)
    __rt_entry                               0x08000169   Thumb Code     0  __rtentry.o(.ARM.Collect$$rtentry$$00000000)
    __rt_entry_presh_1                       0x08000169   Thumb Code     0  __rtentry2.o(.ARM.Collect$$rtentry$$00000002)
    __rt_entry_sh                            0x08000169   Thumb Code     0  __rtentry4.o(.ARM.Collect$$rtentry$$00000004)
    __rt_entry_li                            0x0800016f   Thumb Code     0  __rtentry2.o(.ARM.Collect$$rtentry$$0000000A)
    __rt_entry_postsh_1                      0x0800016f   Thumb Code     0  __rtentry2.o(.ARM.Collect$$rtentry$$00000009)
    __rt_entry_main                          0x08000173   Thumb Code     0  __rtentry2.o(.ARM.Collect$$rtentry$$0000000D)
    __rt_entry_postli_1                      0x08000173   Thumb Code     0  __rtentry2.o(.ARM.Collect$$rtentry$$0000000C)
    __rt_exit                                0x0800017b   Thumb Code     0  rtexit.o(.ARM.Collect$$rtexit$$00000000)
    __rt_exit_ls                             0x0800017d   Thumb Code     0  rtexit2.o(.ARM.Collect$$rtexit$$00000003)
    __rt_exit_prels_1                        0x0800017d   Thumb Code     0  rtexit2.o(.ARM.Collect$$rtexit$$00000002)
    __rt_exit_exit                           0x08000181   Thumb Code     0  rtexit2.o(.ARM.Collect$$rtexit$$00000004)
    main                                     0x08000187   Thumb Code    72  main.o(.text)
    DrawTestPage                             0x080001d1   Thumb Code   134  test.o(.text)
    main_test                                0x08000257   Thumb Code   124  test.o(.text)
    Test_Color                               0x080002d3   Thumb Code   558  test.o(.text)
    Test_FillRec                             0x08000501   Thumb Code   650  test.o(.text)
    Test_Circle                              0x0800078b   Thumb Code   224  test.o(.text)
    English_Font_test                        0x0800086b   Thumb Code   128  test.o(.text)
    Chinese_Font_test                        0x080008eb   Thumb Code   122  test.o(.text)
    Pic_test                                 0x08000965   Thumb Code   152  test.o(.text)
    Touch_Test                               0x080009fd   Thumb Code   936  test.o(.text)
    GUI_DrawPoint                            0x08000db9   Thumb Code    24  gui.o(.text)
    LCD_Fill                                 0x08000dd1   Thumb Code   114  gui.o(.text)
    LCD_DrawLine                             0x08000e43   Thumb Code   176  gui.o(.text)
    LCD_DrawRectangle                        0x08000ef3   Thumb Code    64  gui.o(.text)
    LCD_DrawFillRectangle                    0x08000f33   Thumb Code    30  gui.o(.text)
    _draw_circle_8                           0x08000f51   Thumb Code   132  gui.o(.text)
    gui_circle                               0x08000fd5   Thumb Code   154  gui.o(.text)
    LCD_ShowChar                             0x0800106f   Thumb Code   276  gui.o(.text)
    LCD_ShowString                           0x08001183   Thumb Code    94  gui.o(.text)
    mypow                                    0x080011e1   Thumb Code    22  gui.o(.text)
    LCD_ShowNum                              0x080011f7   Thumb Code   188  gui.o(.text)
    GUI_DrawFont16                           0x080012b3   Thumb Code   254  gui.o(.text)
    GUI_DrawFont24                           0x080013b1   Thumb Code   268  gui.o(.text)
    GUI_DrawFont32                           0x080014bd   Thumb Code   252  gui.o(.text)
    Show_Str                                 0x080015b9   Thumb Code   292  gui.o(.text)
    Gui_StrCenter                            0x080016dd   Thumb Code    68  gui.o(.text)
    Gui_Drawbmp16                            0x08001721   Thumb Code    90  gui.o(.text)
    delay_init                               0x08001781   Thumb Code    52  delay.o(.text)
    delay_ms                                 0x080017b5   Thumb Code    56  delay.o(.text)
    delay_us                                 0x080017ed   Thumb Code    56  delay.o(.text)
    SystemInit                               0x0800190b   Thumb Code    78  system_stm32f10x.o(.text)
    SystemCoreClockUpdate                    0x08001959   Thumb Code   142  system_stm32f10x.o(.text)
    KEY_Init                                 0x08001a0d   Thumb Code    82  key.o(.text)
    KEY_Scan                                 0x08001a5f   Thumb Code   154  key.o(.text)
    LCD_WR_REG                               0x08001b09   Thumb Code    42  lcd.o(.text)
    LCD_WR_DATA                              0x08001b33   Thumb Code    42  lcd.o(.text)
    LCD_WriteReg                             0x08001b5d   Thumb Code    20  lcd.o(.text)
    LCD_WriteRAM_Prepare                     0x08001b71   Thumb Code    12  lcd.o(.text)
    LCD_SetCursor                            0x08001b7d   Thumb Code    40  lcd.o(.text)
    LCD_DrawPoint                            0x08001ba5   Thumb Code    28  lcd.o(.text)
    LCD_SetWindows                           0x08001bc1   Thumb Code   148  lcd.o(.text)
    LCD_Clear                                0x08001c55   Thumb Code    58  lcd.o(.text)
    LCD_GPIOInit                             0x08001c8f   Thumb Code    88  lcd.o(.text)
    LCD_RESET                                0x08001ce7   Thumb Code    28  lcd.o(.text)
    LCD_SetParam                             0x08001d03   Thumb Code    80  lcd.o(.text)
    LCD_Init                                 0x08001d53   Thumb Code   646  lcd.o(.text)
    LCD_setRotation                          0x08001fd9   Thumb Code   246  lcd.o(.text)
    IIC_Init                                 0x080020d9   Thumb Code    52  myiic.o(.text)
    IIC_Start                                0x0800210d   Thumb Code    68  myiic.o(.text)
    IIC_Stop                                 0x08002151   Thumb Code    62  myiic.o(.text)
    IIC_Wait_Ack                             0x0800218f   Thumb Code    86  myiic.o(.text)
    IIC_Ack                                  0x080021e5   Thumb Code    66  myiic.o(.text)
    IIC_NAck                                 0x08002227   Thumb Code    66  myiic.o(.text)
    IIC_Send_Byte                            0x08002269   Thumb Code    90  myiic.o(.text)
    IIC_Read_Byte                            0x080022c3   Thumb Code    98  myiic.o(.text)
    AT24CXX_Init                             0x08002331   Thumb Code     8  24cxx.o(.text)
    AT24CXX_ReadOneByte                      0x08002339   Thumb Code    88  24cxx.o(.text)
    AT24CXX_WriteOneByte                     0x08002391   Thumb Code    80  24cxx.o(.text)
    AT24CXX_WriteLenByte                     0x080023e1   Thumb Code    42  24cxx.o(.text)
    AT24CXX_ReadLenByte                      0x0800240b   Thumb Code    44  24cxx.o(.text)
    AT24CXX_Check                            0x08002437   Thumb Code    46  24cxx.o(.text)
    AT24CXX_Read                             0x08002465   Thumb Code    34  24cxx.o(.text)
    AT24CXX_Write                            0x08002487   Thumb Code    36  24cxx.o(.text)
    TP_Write_Byte                            0x080024ad   Thumb Code    56  touch.o(.text)
    TP_Read_AD                               0x080024e5   Thumb Code   132  touch.o(.text)
    TP_Read_XOY                              0x08002569   Thumb Code   120  touch.o(.text)
    TP_Read_XY                               0x080025e1   Thumb Code    38  touch.o(.text)
    TP_Read_XY2                              0x08002607   Thumb Code   192  touch.o(.text)
    TP_Drow_Touch_Point                      0x080026c7   Thumb Code   116  touch.o(.text)
    TP_Draw_Big_Point                        0x0800273b   Thumb Code    54  touch.o(.text)
    TP_Scan                                  0x08002771   Thumb Code   246  touch.o(.text)
    TP_Save_Adjdata                          0x08002867   Thumb Code   148  touch.o(.text)
    TP_Get_Adjdata                           0x080028fb   Thumb Code   152  touch.o(.text)
    TP_Adj_Info_Show                         0x08002993   Thumb Code   322  touch.o(.text)
    TP_Adjust                                0x08002ad5   Thumb Code  2242  touch.o(.text)
    TP_Init                                  0x08003397   Thumb Code   106  touch.o(.text)
    Reset_Handler                            0x08003445   Thumb Code     8  startup_stm32f10x_md.o(.text)
    NMI_Handler                              0x0800344d   Thumb Code     2  startup_stm32f10x_md.o(.text)
    HardFault_Handler                        0x0800344f   Thumb Code     2  startup_stm32f10x_md.o(.text)
    MemManage_Handler                        0x08003451   Thumb Code     2  startup_stm32f10x_md.o(.text)
    BusFault_Handler                         0x08003453   Thumb Code     2  startup_stm32f10x_md.o(.text)
    UsageFault_Handler                       0x08003455   Thumb Code     2  startup_stm32f10x_md.o(.text)
    SVC_Handler                              0x08003457   Thumb Code     2  startup_stm32f10x_md.o(.text)
    DebugMon_Handler                         0x08003459   Thumb Code     2  startup_stm32f10x_md.o(.text)
    PendSV_Handler                           0x0800345b   Thumb Code     2  startup_stm32f10x_md.o(.text)
    SysTick_Handler                          0x0800345d   Thumb Code     2  startup_stm32f10x_md.o(.text)
    ADC1_2_IRQHandler                        0x0800345f   Thumb Code     0  startup_stm32f10x_md.o(.text)
    CAN1_RX1_IRQHandler                      0x0800345f   Thumb Code     0  startup_stm32f10x_md.o(.text)
    CAN1_SCE_IRQHandler                      0x0800345f   Thumb Code     0  startup_stm32f10x_md.o(.text)
    DMA1_Channel1_IRQHandler                 0x0800345f   Thumb Code     0  startup_stm32f10x_md.o(.text)
    DMA1_Channel2_IRQHandler                 0x0800345f   Thumb Code     0  startup_stm32f10x_md.o(.text)
    DMA1_Channel3_IRQHandler                 0x0800345f   Thumb Code     0  startup_stm32f10x_md.o(.text)
    DMA1_Channel4_IRQHandler                 0x0800345f   Thumb Code     0  startup_stm32f10x_md.o(.text)
    DMA1_Channel5_IRQHandler                 0x0800345f   Thumb Code     0  startup_stm32f10x_md.o(.text)
    DMA1_Channel6_IRQHandler                 0x0800345f   Thumb Code     0  startup_stm32f10x_md.o(.text)
    DMA1_Channel7_IRQHandler                 0x0800345f   Thumb Code     0  startup_stm32f10x_md.o(.text)
    EXTI0_IRQHandler                         0x0800345f   Thumb Code     0  startup_stm32f10x_md.o(.text)
    EXTI15_10_IRQHandler                     0x0800345f   Thumb Code     0  startup_stm32f10x_md.o(.text)
    EXTI1_IRQHandler                         0x0800345f   Thumb Code     0  startup_stm32f10x_md.o(.text)
    EXTI2_IRQHandler                         0x0800345f   Thumb Code     0  startup_stm32f10x_md.o(.text)
    EXTI3_IRQHandler                         0x0800345f   Thumb Code     0  startup_stm32f10x_md.o(.text)
    EXTI4_IRQHandler                         0x0800345f   Thumb Code     0  startup_stm32f10x_md.o(.text)
    EXTI9_5_IRQHandler                       0x0800345f   Thumb Code     0  startup_stm32f10x_md.o(.text)
    FLASH_IRQHandler                         0x0800345f   Thumb Code     0  startup_stm32f10x_md.o(.text)
    I2C1_ER_IRQHandler                       0x0800345f   Thumb Code     0  startup_stm32f10x_md.o(.text)
    I2C1_EV_IRQHandler                       0x0800345f   Thumb Code     0  startup_stm32f10x_md.o(.text)
    I2C2_ER_IRQHandler                       0x0800345f   Thumb Code     0  startup_stm32f10x_md.o(.text)
    I2C2_EV_IRQHandler                       0x0800345f   Thumb Code     0  startup_stm32f10x_md.o(.text)
    PVD_IRQHandler                           0x0800345f   Thumb Code     0  startup_stm32f10x_md.o(.text)
    RCC_IRQHandler                           0x0800345f   Thumb Code     0  startup_stm32f10x_md.o(.text)
    RTCAlarm_IRQHandler                      0x0800345f   Thumb Code     0  startup_stm32f10x_md.o(.text)
    RTC_IRQHandler                           0x0800345f   Thumb Code     0  startup_stm32f10x_md.o(.text)
    SPI1_IRQHandler                          0x0800345f   Thumb Code     0  startup_stm32f10x_md.o(.text)
    SPI2_IRQHandler                          0x0800345f   Thumb Code     0  startup_stm32f10x_md.o(.text)
    TAMPER_IRQHandler                        0x0800345f   Thumb Code     0  startup_stm32f10x_md.o(.text)
    TIM1_BRK_IRQHandler                      0x0800345f   Thumb Code     0  startup_stm32f10x_md.o(.text)
    TIM1_CC_IRQHandler                       0x0800345f   Thumb Code     0  startup_stm32f10x_md.o(.text)
    TIM1_TRG_COM_IRQHandler                  0x0800345f   Thumb Code     0  startup_stm32f10x_md.o(.text)
    TIM1_UP_IRQHandler                       0x0800345f   Thumb Code     0  startup_stm32f10x_md.o(.text)
    TIM2_IRQHandler                          0x0800345f   Thumb Code     0  startup_stm32f10x_md.o(.text)
    TIM3_IRQHandler                          0x0800345f   Thumb Code     0  startup_stm32f10x_md.o(.text)
    TIM4_IRQHandler                          0x0800345f   Thumb Code     0  startup_stm32f10x_md.o(.text)
    USART1_IRQHandler                        0x0800345f   Thumb Code     0  startup_stm32f10x_md.o(.text)
    USART2_IRQHandler                        0x0800345f   Thumb Code     0  startup_stm32f10x_md.o(.text)
    USART3_IRQHandler                        0x0800345f   Thumb Code     0  startup_stm32f10x_md.o(.text)
    USBWakeUp_IRQHandler                     0x0800345f   Thumb Code     0  startup_stm32f10x_md.o(.text)
    USB_HP_CAN1_TX_IRQHandler                0x0800345f   Thumb Code     0  startup_stm32f10x_md.o(.text)
    USB_LP_CAN1_RX0_IRQHandler               0x0800345f   Thumb Code     0  startup_stm32f10x_md.o(.text)
    WWDG_IRQHandler                          0x0800345f   Thumb Code     0  startup_stm32f10x_md.o(.text)
    __user_initial_stackheap                 0x08003461   Thumb Code     0  startup_stm32f10x_md.o(.text)
    NVIC_PriorityGroupConfig                 0x08003485   Thumb Code    10  misc.o(.text)
    NVIC_Init                                0x0800348f   Thumb Code   100  misc.o(.text)
    NVIC_SetVectorTable                      0x080034f3   Thumb Code    14  misc.o(.text)
    NVIC_SystemLPConfig                      0x08003501   Thumb Code    34  misc.o(.text)
    SysTick_CLKSourceConfig                  0x08003523   Thumb Code    40  misc.o(.text)
    GPIO_DeInit                              0x08003561   Thumb Code   172  stm32f10x_gpio.o(.text)
    GPIO_AFIODeInit                          0x0800360d   Thumb Code    20  stm32f10x_gpio.o(.text)
    GPIO_Init                                0x08003621   Thumb Code   278  stm32f10x_gpio.o(.text)
    GPIO_StructInit                          0x08003737   Thumb Code    16  stm32f10x_gpio.o(.text)
    GPIO_ReadInputDataBit                    0x08003747   Thumb Code    18  stm32f10x_gpio.o(.text)
    GPIO_ReadInputData                       0x08003759   Thumb Code     8  stm32f10x_gpio.o(.text)
    GPIO_ReadOutputDataBit                   0x08003761   Thumb Code    18  stm32f10x_gpio.o(.text)
    GPIO_ReadOutputData                      0x08003773   Thumb Code     8  stm32f10x_gpio.o(.text)
    GPIO_SetBits                             0x0800377b   Thumb Code     4  stm32f10x_gpio.o(.text)
    GPIO_ResetBits                           0x0800377f   Thumb Code     4  stm32f10x_gpio.o(.text)
    GPIO_WriteBit                            0x08003783   Thumb Code    10  stm32f10x_gpio.o(.text)
    GPIO_Write                               0x0800378d   Thumb Code     4  stm32f10x_gpio.o(.text)
    GPIO_PinLockConfig                       0x08003791   Thumb Code    18  stm32f10x_gpio.o(.text)
    GPIO_EventOutputConfig                   0x080037a3   Thumb Code    26  stm32f10x_gpio.o(.text)
    GPIO_EventOutputCmd                      0x080037bd   Thumb Code     6  stm32f10x_gpio.o(.text)
    GPIO_PinRemapConfig                      0x080037c3   Thumb Code   138  stm32f10x_gpio.o(.text)
    GPIO_EXTILineConfig                      0x0800384d   Thumb Code    66  stm32f10x_gpio.o(.text)
    GPIO_ETH_MediaInterfaceConfig            0x0800388f   Thumb Code     8  stm32f10x_gpio.o(.text)
    RCC_DeInit                               0x080038bd   Thumb Code    64  stm32f10x_rcc.o(.text)
    RCC_HSEConfig                            0x080038fd   Thumb Code    70  stm32f10x_rcc.o(.text)
    RCC_GetFlagStatus                        0x08003943   Thumb Code    56  stm32f10x_rcc.o(.text)
    RCC_WaitForHSEStartUp                    0x0800397b   Thumb Code    56  stm32f10x_rcc.o(.text)
    RCC_AdjustHSICalibrationValue            0x080039b3   Thumb Code    20  stm32f10x_rcc.o(.text)
    RCC_HSICmd                               0x080039c7   Thumb Code     6  stm32f10x_rcc.o(.text)
    RCC_PLLConfig                            0x080039cd   Thumb Code    24  stm32f10x_rcc.o(.text)
    RCC_PLLCmd                               0x080039e5   Thumb Code     6  stm32f10x_rcc.o(.text)
    RCC_SYSCLKConfig                         0x080039eb   Thumb Code    18  stm32f10x_rcc.o(.text)
    RCC_GetSYSCLKSource                      0x080039fd   Thumb Code    10  stm32f10x_rcc.o(.text)
    RCC_HCLKConfig                           0x08003a07   Thumb Code    18  stm32f10x_rcc.o(.text)
    RCC_PCLK1Config                          0x08003a19   Thumb Code    18  stm32f10x_rcc.o(.text)
    RCC_PCLK2Config                          0x08003a2b   Thumb Code    20  stm32f10x_rcc.o(.text)
    RCC_ITConfig                             0x08003a3f   Thumb Code    26  stm32f10x_rcc.o(.text)
    RCC_USBCLKConfig                         0x08003a59   Thumb Code     8  stm32f10x_rcc.o(.text)
    RCC_ADCCLKConfig                         0x08003a61   Thumb Code    18  stm32f10x_rcc.o(.text)
    RCC_LSEConfig                            0x08003a73   Thumb Code    50  stm32f10x_rcc.o(.text)
    RCC_LSICmd                               0x08003aa5   Thumb Code     6  stm32f10x_rcc.o(.text)
    RCC_RTCCLKConfig                         0x08003aab   Thumb Code    12  stm32f10x_rcc.o(.text)
    RCC_RTCCLKCmd                            0x08003ab7   Thumb Code     8  stm32f10x_rcc.o(.text)
    RCC_GetClocksFreq                        0x08003abf   Thumb Code   192  stm32f10x_rcc.o(.text)
    RCC_AHBPeriphClockCmd                    0x08003b7f   Thumb Code    26  stm32f10x_rcc.o(.text)
    RCC_APB2PeriphClockCmd                   0x08003b99   Thumb Code    26  stm32f10x_rcc.o(.text)
    RCC_APB1PeriphClockCmd                   0x08003bb3   Thumb Code    26  stm32f10x_rcc.o(.text)
    RCC_APB2PeriphResetCmd                   0x08003bcd   Thumb Code    26  stm32f10x_rcc.o(.text)
    RCC_APB1PeriphResetCmd                   0x08003be7   Thumb Code    26  stm32f10x_rcc.o(.text)
    RCC_BackupResetCmd                       0x08003c01   Thumb Code     8  stm32f10x_rcc.o(.text)
    RCC_ClockSecuritySystemCmd               0x08003c09   Thumb Code     6  stm32f10x_rcc.o(.text)
    RCC_MCOConfig                            0x08003c0f   Thumb Code     6  stm32f10x_rcc.o(.text)
    RCC_ClearFlag                            0x08003c15   Thumb Code    14  stm32f10x_rcc.o(.text)
    RCC_GetITStatus                          0x08003c23   Thumb Code    20  stm32f10x_rcc.o(.text)
    RCC_ClearITPendingBit                    0x08003c37   Thumb Code     6  stm32f10x_rcc.o(.text)
    strlen                                   0x08003c61   Thumb Code    62  strlen.o(.text)
    __use_two_region_memory                  0x08003c9f   Thumb Code     2  heapauxi.o(.text)
    __rt_heap_escrow$2region                 0x08003ca1   Thumb Code     2  heapauxi.o(.text)
    __rt_heap_expand$2region                 0x08003ca3   Thumb Code     2  heapauxi.o(.text)
    __read_errno                             0x08003ca5   Thumb Code    10  _rserrno.o(.text)
    __set_errno                              0x08003caf   Thumb Code    12  _rserrno.o(.text)
    __aeabi_errno_addr                       0x08003cbd   Thumb Code     8  rt_errno_addr_intlibspace.o(.text)
    __errno$intlibspace                      0x08003cbd   Thumb Code     0  rt_errno_addr_intlibspace.o(.text)
    __rt_errno_addr$intlibspace              0x08003cbd   Thumb Code     0  rt_errno_addr_intlibspace.o(.text)
    __user_libspace                          0x08003cc5   Thumb Code     8  libspace.o(.text)
    __user_perproc_libspace                  0x08003cc5   Thumb Code     0  libspace.o(.text)
    __user_perthread_libspace                0x08003cc5   Thumb Code     0  libspace.o(.text)
    __user_setup_stackheap                   0x08003ccd   Thumb Code    74  sys_stackheap_outer.o(.text)
    exit                                     0x08003d17   Thumb Code    18  exit.o(.text)
    _sys_exit                                0x08003d29   Thumb Code     8  sys_exit.o(.text)
    __I$use$semihosting                      0x08003d35   Thumb Code     0  use_no_semi.o(.text)
    __use_no_semihosting_swi                 0x08003d35   Thumb Code     2  use_no_semi.o(.text)
    __semihosting_library_function           0x08003d37   Thumb Code     0  indicate_semi.o(.text)
    sqrt                                     0x08003d37   Thumb Code    76  sqrt.o(i.sqrt)
    __fpl_dcmp_Inf                           0x08003d83   Thumb Code    24  dcmpi.o(x$fpl$dcmpinf)
    __aeabi_d2uiz                            0x08003d9d   Thumb Code     0  dfixu.o(x$fpl$dfixu)
    _dfixu                                   0x08003d9d   Thumb Code    90  dfixu.o(x$fpl$dfixu)
    __aeabi_ui2d                             0x08003df7   Thumb Code     0  dflt_clz.o(x$fpl$dfltu)
    _dfltu                                   0x08003df7   Thumb Code    38  dflt_clz.o(x$fpl$dfltu)
    __aeabi_cdcmple                          0x08003e1d   Thumb Code     0  dleqf.o(x$fpl$dleqf)
    _dcmple                                  0x08003e1d   Thumb Code   120  dleqf.o(x$fpl$dleqf)
    __fpl_dcmple_InfNaN                      0x08003e7f   Thumb Code     0  dleqf.o(x$fpl$dleqf)
    __fpl_dnaninf                            0x08003e95   Thumb Code   156  dnaninf.o(x$fpl$dnaninf)
    __fpl_dretinf                            0x08003f31   Thumb Code    12  dretinf.o(x$fpl$dretinf)
    __aeabi_cdrcmple                         0x08003f3d   Thumb Code     0  drleqf.o(x$fpl$drleqf)
    _drcmple                                 0x08003f3d   Thumb Code   108  drleqf.o(x$fpl$drleqf)
    _dsqrt                                   0x08003fa9   Thumb Code   456  dsqrt_noumaal.o(x$fpl$dsqrt)
    __aeabi_f2d                              0x08004175   Thumb Code     0  f2d.o(x$fpl$f2d)
    _f2d                                     0x08004175   Thumb Code    86  f2d.o(x$fpl$f2d)
    __aeabi_fadd                             0x080041cd   Thumb Code     0  faddsub_clz.o(x$fpl$fadd)
    _fadd                                    0x080041cd   Thumb Code   196  faddsub_clz.o(x$fpl$fadd)
    __aeabi_fdiv                             0x08004291   Thumb Code     0  fdiv.o(x$fpl$fdiv)
    _fdiv                                    0x08004291   Thumb Code   384  fdiv.o(x$fpl$fdiv)
    __aeabi_f2iz                             0x08004415   Thumb Code     0  ffix.o(x$fpl$ffix)
    _ffix                                    0x08004415   Thumb Code    54  ffix.o(x$fpl$ffix)
    __aeabi_f2uiz                            0x0800444d   Thumb Code     0  ffixu.o(x$fpl$ffixu)
    _ffixu                                   0x0800444d   Thumb Code    62  ffixu.o(x$fpl$ffixu)
    __aeabi_i2f                              0x0800448d   Thumb Code     0  fflt_clz.o(x$fpl$fflt)
    _fflt                                    0x0800448d   Thumb Code    48  fflt_clz.o(x$fpl$fflt)
    __aeabi_ui2f                             0x080044bd   Thumb Code     0  fflt_clz.o(x$fpl$ffltu)
    _ffltu                                   0x080044bd   Thumb Code    38  fflt_clz.o(x$fpl$ffltu)
    __aeabi_fmul                             0x080044e5   Thumb Code     0  fmul.o(x$fpl$fmul)
    _fmul                                    0x080044e5   Thumb Code   258  fmul.o(x$fpl$fmul)
    __fpl_fnaninf                            0x080045e7   Thumb Code   140  fnaninf.o(x$fpl$fnaninf)
    __fpl_fretinf                            0x08004673   Thumb Code    10  fretinf.o(x$fpl$fretinf)
    __aeabi_fsub                             0x0800467d   Thumb Code     0  faddsub_clz.o(x$fpl$fsub)
    _fsub                                    0x0800467d   Thumb Code   234  faddsub_clz.o(x$fpl$fsub)
    __I$use$fp                               0x08004766   Number         0  usenofp.o(x$fpl$usenofp)
    gImage_qq                                0x08004766   Data        3200  test.o(.constdata)
    asc2_1206                                0x080053e6   Data        1140  gui.o(.constdata)
    asc2_1608                                0x0800585a   Data        1520  gui.o(.constdata)
    tfont16                                  0x08005e4a   Data        1938  gui.o(.constdata)
    tfont24                                  0x080065dc   Data         518  gui.o(.constdata)
    tfont32                                  0x080067e2   Data         520  gui.o(.constdata)
    Region$$Table$$Base                      0x08006a68   Number         0  anon$$obj.o(Region$$Table)
    Region$$Table$$Limit                     0x08006a88   Number         0  anon$$obj.o(Region$$Table)
    ColorTab                                 0x20000000   Data          10  test.o(.data)
    SystemCoreClock                          0x20000010   Data           4  system_stm32f10x.o(.data)
    AHBPrescTable                            0x20000014   Data          16  system_stm32f10x.o(.data)
    POINT_COLOR                              0x20000026   Data           2  lcd.o(.data)
    BACK_COLOR                               0x20000028   Data           2  lcd.o(.data)
    DeviceCode                               0x2000002a   Data           2  lcd.o(.data)
    tp_dev                                   0x2000002c   Data          40  touch.o(.data)
    CMD_RDX                                  0x20000054   Data           1  touch.o(.data)
    CMD_RDY                                  0x20000055   Data           1  touch.o(.data)
    TP_REMIND_MSG_TBL                        0x20000058   Data           4  touch.o(.data)
    lcddev                                   0x20000070   Data          14  lcd.o(.bss)
    __libspace_start                         0x20000080   Data          96  libspace.o(.bss)
    __temporary_stack_top$libspace           0x200000e0   Data           0  libspace.o(.bss)



==============================================================================

Memory Map of the image

  Image Entry point : 0x080000ed

  Load Region LR_IROM1 (Base: 0x08000000, Size: 0x00006af8, Max: 0x00020000, ABSOLUTE)

    Execution Region ER_IROM1 (Base: 0x08000000, Size: 0x00006a88, Max: 0x00020000, ABSOLUTE)

    Base Addr    Size         Type   Attr      Idx    E Section Name        Object

    0x08000000   0x000000ec   Data   RO          333    RESET               startup_stm32f10x_md.o
    0x080000ec   0x00000008   Code   RO          406  * !!!main             c_w.l(__main.o)
    0x080000f4   0x00000034   Code   RO          633    !!!scatter          c_w.l(__scatter.o)
    0x08000128   0x0000001a   Code   RO          635    !!handler_copy      c_w.l(__scatter_copy.o)
    0x08000142   0x00000002   PAD
    0x08000144   0x0000001c   Code   RO          637    !!handler_zi        c_w.l(__scatter_zi.o)
    0x08000160   0x00000002   Code   RO          506    .ARM.Collect$$libinit$$00000000  c_w.l(libinit.o)
    0x08000162   0x00000000   Code   RO          510    .ARM.Collect$$libinit$$00000002  c_w.l(libinit2.o)
    0x08000162   0x00000000   Code   RO          512    .ARM.Collect$$libinit$$00000004  c_w.l(libinit2.o)
    0x08000162   0x00000000   Code   RO          515    .ARM.Collect$$libinit$$0000000A  c_w.l(libinit2.o)
    0x08000162   0x00000000   Code   RO          517    .ARM.Collect$$libinit$$0000000C  c_w.l(libinit2.o)
    0x08000162   0x00000000   Code   RO          519    .ARM.Collect$$libinit$$0000000E  c_w.l(libinit2.o)
    0x08000162   0x00000000   Code   RO          522    .ARM.Collect$$libinit$$00000011  c_w.l(libinit2.o)
    0x08000162   0x00000000   Code   RO          524    .ARM.Collect$$libinit$$00000013  c_w.l(libinit2.o)
    0x08000162   0x00000000   Code   RO          526    .ARM.Collect$$libinit$$00000015  c_w.l(libinit2.o)
    0x08000162   0x00000000   Code   RO          528    .ARM.Collect$$libinit$$00000017  c_w.l(libinit2.o)
    0x08000162   0x00000000   Code   RO          530    .ARM.Collect$$libinit$$00000019  c_w.l(libinit2.o)
    0x08000162   0x00000000   Code   RO          532    .ARM.Collect$$libinit$$0000001B  c_w.l(libinit2.o)
    0x08000162   0x00000000   Code   RO          534    .ARM.Collect$$libinit$$0000001D  c_w.l(libinit2.o)
    0x08000162   0x00000000   Code   RO          536    .ARM.Collect$$libinit$$0000001F  c_w.l(libinit2.o)
    0x08000162   0x00000000   Code   RO          538    .ARM.Collect$$libinit$$00000021  c_w.l(libinit2.o)
    0x08000162   0x00000000   Code   RO          540    .ARM.Collect$$libinit$$00000023  c_w.l(libinit2.o)
    0x08000162   0x00000000   Code   RO          542    .ARM.Collect$$libinit$$00000025  c_w.l(libinit2.o)
    0x08000162   0x00000000   Code   RO          546    .ARM.Collect$$libinit$$0000002C  c_w.l(libinit2.o)
    0x08000162   0x00000000   Code   RO          548    .ARM.Collect$$libinit$$0000002E  c_w.l(libinit2.o)
    0x08000162   0x00000000   Code   RO          550    .ARM.Collect$$libinit$$00000030  c_w.l(libinit2.o)
    0x08000162   0x00000000   Code   RO          552    .ARM.Collect$$libinit$$00000032  c_w.l(libinit2.o)
    0x08000162   0x00000002   Code   RO          553    .ARM.Collect$$libinit$$00000033  c_w.l(libinit2.o)
    0x08000164   0x00000002   Code   RO          573    .ARM.Collect$$libshutdown$$00000000  c_w.l(libshutdown.o)
    0x08000166   0x00000000   Code   RO          586    .ARM.Collect$$libshutdown$$00000002  c_w.l(libshutdown2.o)
    0x08000166   0x00000000   Code   RO          588    .ARM.Collect$$libshutdown$$00000004  c_w.l(libshutdown2.o)
    0x08000166   0x00000000   Code   RO          591    .ARM.Collect$$libshutdown$$00000007  c_w.l(libshutdown2.o)
    0x08000166   0x00000000   Code   RO          594    .ARM.Collect$$libshutdown$$0000000A  c_w.l(libshutdown2.o)
    0x08000166   0x00000000   Code   RO          596    .ARM.Collect$$libshutdown$$0000000C  c_w.l(libshutdown2.o)
    0x08000166   0x00000000   Code   RO          599    .ARM.Collect$$libshutdown$$0000000F  c_w.l(libshutdown2.o)
    0x08000166   0x00000002   Code   RO          600    .ARM.Collect$$libshutdown$$00000010  c_w.l(libshutdown2.o)
    0x08000168   0x00000000   Code   RO          458    .ARM.Collect$$rtentry$$00000000  c_w.l(__rtentry.o)
    0x08000168   0x00000000   Code   RO          475    .ARM.Collect$$rtentry$$00000002  c_w.l(__rtentry2.o)
    0x08000168   0x00000006   Code   RO          487    .ARM.Collect$$rtentry$$00000004  c_w.l(__rtentry4.o)
    0x0800016e   0x00000000   Code   RO          477    .ARM.Collect$$rtentry$$00000009  c_w.l(__rtentry2.o)
    0x0800016e   0x00000004   Code   RO          478    .ARM.Collect$$rtentry$$0000000A  c_w.l(__rtentry2.o)
    0x08000172   0x00000000   Code   RO          480    .ARM.Collect$$rtentry$$0000000C  c_w.l(__rtentry2.o)
    0x08000172   0x00000008   Code   RO          481    .ARM.Collect$$rtentry$$0000000D  c_w.l(__rtentry2.o)
    0x0800017a   0x00000002   Code   RO          507    .ARM.Collect$$rtexit$$00000000  c_w.l(rtexit.o)
    0x0800017c   0x00000000   Code   RO          555    .ARM.Collect$$rtexit$$00000002  c_w.l(rtexit2.o)
    0x0800017c   0x00000004   Code   RO          556    .ARM.Collect$$rtexit$$00000003  c_w.l(rtexit2.o)
    0x08000180   0x00000006   Code   RO          557    .ARM.Collect$$rtexit$$00000004  c_w.l(rtexit2.o)
    0x08000186   0x00000048   Code   RO            1    .text               main.o
    0x080001ce   0x00000002   PAD
    0x080001d0   0x00000be8   Code   RO          124    .text               test.o
    0x08000db8   0x000009c8   Code   RO          149    .text               gui.o
    0x08001780   0x000000ac   Code   RO          170    .text               delay.o
    0x0800182c   0x000001e0   Code   RO          184    .text               system_stm32f10x.o
    0x08001a0c   0x000000fc   Code   RO          224    .text               key.o
    0x08001b08   0x000005d0   Code   RO          237    .text               lcd.o
    0x080020d8   0x00000258   Code   RO          264    .text               myiic.o
    0x08002330   0x0000017a   Code   RO          279    .text               24cxx.o
    0x080024aa   0x00000002   PAD
    0x080024ac   0x00000f98   Code   RO          294    .text               touch.o
    0x08003444   0x00000040   Code   RO          334    .text               startup_stm32f10x_md.o
    0x08003484   0x000000dc   Code   RO          338    .text               misc.o
    0x08003560   0x0000035c   Code   RO          350    .text               stm32f10x_gpio.o
    0x080038bc   0x000003a4   Code   RO          362    .text               stm32f10x_rcc.o
    0x08003c60   0x0000003e   Code   RO          402    .text               c_w.l(strlen.o)
    0x08003c9e   0x00000006   Code   RO          404    .text               c_w.l(heapauxi.o)
    0x08003ca4   0x00000016   Code   RO          459    .text               c_w.l(_rserrno.o)
    0x08003cba   0x00000002   PAD
    0x08003cbc   0x00000008   Code   RO          492    .text               c_w.l(rt_errno_addr_intlibspace.o)
    0x08003cc4   0x00000008   Code   RO          494    .text               c_w.l(libspace.o)
    0x08003ccc   0x0000004a   Code   RO          497    .text               c_w.l(sys_stackheap_outer.o)
    0x08003d16   0x00000012   Code   RO          499    .text               c_w.l(exit.o)
    0x08003d28   0x0000000c   Code   RO          565    .text               c_w.l(sys_exit.o)
    0x08003d34   0x00000002   Code   RO          576    .text               c_w.l(use_no_semi.o)
    0x08003d36   0x00000000   Code   RO          578    .text               c_w.l(indicate_semi.o)
    0x08003d36   0x0000004c   Code   RO          451    i.sqrt              m_ws.l(sqrt.o)
    0x08003d82   0x00000018   Code   RO          461    x$fpl$dcmpinf       fz_ws.l(dcmpi.o)
    0x08003d9a   0x00000002   PAD
    0x08003d9c   0x0000005a   Code   RO          408    x$fpl$dfixu         fz_ws.l(dfixu.o)
    0x08003df6   0x00000026   Code   RO          412    x$fpl$dfltu         fz_ws.l(dflt_clz.o)
    0x08003e1c   0x00000078   Code   RO          418    x$fpl$dleqf         fz_ws.l(dleqf.o)
    0x08003e94   0x0000009c   Code   RO          463    x$fpl$dnaninf       fz_ws.l(dnaninf.o)
    0x08003f30   0x0000000c   Code   RO          465    x$fpl$dretinf       fz_ws.l(dretinf.o)
    0x08003f3c   0x0000006c   Code   RO          420    x$fpl$drleqf        fz_ws.l(drleqf.o)
    0x08003fa8   0x000001cc   Code   RO          467    x$fpl$dsqrt         fz_ws.l(dsqrt_noumaal.o)
    0x08004174   0x00000056   Code   RO          422    x$fpl$f2d           fz_ws.l(f2d.o)
    0x080041ca   0x00000002   PAD
    0x080041cc   0x000000c4   Code   RO          424    x$fpl$fadd          fz_ws.l(faddsub_clz.o)
    0x08004290   0x00000184   Code   RO          431    x$fpl$fdiv          fz_ws.l(fdiv.o)
    0x08004414   0x00000036   Code   RO          434    x$fpl$ffix          fz_ws.l(ffix.o)
    0x0800444a   0x00000002   PAD
    0x0800444c   0x0000003e   Code   RO          438    x$fpl$ffixu         fz_ws.l(ffixu.o)
    0x0800448a   0x00000002   PAD
    0x0800448c   0x00000030   Code   RO          443    x$fpl$fflt          fz_ws.l(fflt_clz.o)
    0x080044bc   0x00000026   Code   RO          442    x$fpl$ffltu         fz_ws.l(fflt_clz.o)
    0x080044e2   0x00000002   PAD
    0x080044e4   0x00000102   Code   RO          448    x$fpl$fmul          fz_ws.l(fmul.o)
    0x080045e6   0x0000008c   Code   RO          469    x$fpl$fnaninf       fz_ws.l(fnaninf.o)
    0x08004672   0x0000000a   Code   RO          471    x$fpl$fretinf       fz_ws.l(fretinf.o)
    0x0800467c   0x000000ea   Code   RO          426    x$fpl$fsub          fz_ws.l(faddsub_clz.o)
    0x08004766   0x00000000   Code   RO          473    x$fpl$usenofp       fz_ws.l(usenofp.o)
    0x08004766   0x00000c80   Data   RO          125    .constdata          test.o
    0x080053e6   0x00001604   Data   RO          150    .constdata          gui.o
    0x080069ea   0x00000002   PAD
    0x080069ec   0x00000079   Data   RO          295    .conststring        touch.o
    0x08006a65   0x00000003   PAD
    0x08006a68   0x00000020   Data   RO          631    Region$$Table       anon$$obj.o


    Execution Region RW_IRAM1 (Base: 0x20000000, Size: 0x000006e0, Max: 0x00005000, ABSOLUTE)

    Base Addr    Size         Type   Attr      Idx    E Section Name        Object

    0x20000000   0x0000000a   Data   RW          126    .data               test.o
    0x2000000a   0x00000004   Data   RW          171    .data               delay.o
    0x2000000e   0x00000002   PAD
    0x20000010   0x00000014   Data   RW          185    .data               system_stm32f10x.o
    0x20000024   0x00000001   Data   RW          225    .data               key.o
    0x20000025   0x00000001   PAD
    0x20000026   0x00000006   Data   RW          239    .data               lcd.o
    0x2000002c   0x00000030   Data   RW          296    .data               touch.o
    0x2000005c   0x00000014   Data   RW          363    .data               stm32f10x_rcc.o
    0x20000070   0x0000000e   Zero   RW          238    .bss                lcd.o
    0x2000007e   0x00000002   PAD
    0x20000080   0x00000060   Zero   RW          495    .bss                c_w.l(libspace.o)
    0x200000e0   0x00000200   Zero   RW          332    HEAP                startup_stm32f10x_md.o
    0x200002e0   0x00000400   Zero   RW          331    STACK               startup_stm32f10x_md.o


==============================================================================

Image component sizes


      Code (inc. data)   RO Data    RW Data    ZI Data      Debug   Object Name

       378          0          0          0          0       3086   24cxx.o
         0          0          0          0          0         32   core_cm3.o
       172          8          0          4          0       1367   delay.o
      2504         52       5636          0          0      10266   gui.o
       252         16          0          1          0        980   key.o
      1488         30          0          6         14       6780   lcd.o
        72          0          0          0          0     226167   main.o
       220         22          0          0          0       2085   misc.o
       600         12          0          0          0       2020   myiic.o
        64         26        236          0       1536        908   startup_stm32f10x_md.o
       860         38          0          0          0       6017   stm32f10x_gpio.o
       932         36          0         20          0       9340   stm32f10x_rcc.o
       480         38          0         20          0       2163   system_stm32f10x.o
      3048        774       3200         10          0       3674   test.o
      3992        318        121         48          0       7277   touch.o

    ----------------------------------------------------------------------
     15066       1370       9230        112       1552     282162   Object Totals
         0          0         32          0          0          0   (incl. Generated)
         4          0          5          3          2          0   (incl. Padding)

    ----------------------------------------------------------------------

      Code (inc. data)   RO Data    RW Data    ZI Data      Debug   Library Member Name

         8          0          0          0          0         68   __main.o
         0          0          0          0          0          0   __rtentry.o
        12          0          0          0          0          0   __rtentry2.o
         6          0          0          0          0          0   __rtentry4.o
        52          8          0          0          0          0   __scatter.o
        26          0          0          0          0          0   __scatter_copy.o
        28          0          0          0          0          0   __scatter_zi.o
        22          0          0          0          0        100   _rserrno.o
        18          0          0          0          0         80   exit.o
         6          0          0          0          0        152   heapauxi.o
         0          0          0          0          0          0   indicate_semi.o
         2          0          0          0          0          0   libinit.o
         2          0          0          0          0          0   libinit2.o
         2          0          0          0          0          0   libshutdown.o
         2          0          0          0          0          0   libshutdown2.o
         8          4          0          0         96         68   libspace.o
         8          4          0          0          0         68   rt_errno_addr_intlibspace.o
         2          0          0          0          0          0   rtexit.o
        10          0          0          0          0          0   rtexit2.o
        62          0          0          0          0         76   strlen.o
        12          4          0          0          0         68   sys_exit.o
        74          0          0          0          0         80   sys_stackheap_outer.o
         2          0          0          0          0         68   use_no_semi.o
        24          0          0          0          0         68   dcmpi.o
        90          4          0          0          0         92   dfixu.o
        38          0          0          0          0         68   dflt_clz.o
       120          4          0          0          0         92   dleqf.o
       156          4          0          0          0         92   dnaninf.o
        12          0          0          0          0         68   dretinf.o
       108          0          0          0          0         80   drleqf.o
       460         56          0          0          0        120   dsqrt_noumaal.o
        86          4          0          0          0         84   f2d.o
       430          8          0          0          0        168   faddsub_clz.o
       388         76          0          0          0         96   fdiv.o
        54          4          0          0          0         84   ffix.o
        62          4          0          0          0         84   ffixu.o
        86          0          0          0          0        136   fflt_clz.o
       258          4          0          0          0         84   fmul.o
       140          4          0          0          0         84   fnaninf.o
        10          0          0          0          0         68   fretinf.o
         0          0          0          0          0          0   usenofp.o
        76          0          0          0          0         84   sqrt.o

    ----------------------------------------------------------------------
      2976        192          0          0         96       2480   Library Totals
        14          0          0          0          0          0   (incl. Padding)

    ----------------------------------------------------------------------

      Code (inc. data)   RO Data    RW Data    ZI Data      Debug   Library Name

       364         20          0          0         96        828   c_w.l
      2522        172          0          0          0       1568   fz_ws.l
        76          0          0          0          0         84   m_ws.l

    ----------------------------------------------------------------------
      2976        192          0          0         96       2480   Library Totals

    ----------------------------------------------------------------------

==============================================================================


      Code (inc. data)   RO Data    RW Data    ZI Data      Debug   

     18042       1562       9230        112       1648     282454   Grand Totals
     18042       1562       9230        112       1648     282454   ELF Image Totals
     18042       1562       9230        112          0          0   ROM Totals

==============================================================================

    Total RO  Size (Code + RO Data)                27272 (  26.63kB)
    Total RW  Size (RW Data + ZI Data)              1760 (   1.72kB)
    Total ROM Size (Code + RO Data + RW Data)      27384 (  26.74kB)

==============================================================================

